###############################################################################
#
# IAR ELF Linker V8.40.1.212/W32 for ARM                  01/Oct/2025  16:40:24
# Copyright 2007-2019 IAR Systems AB.
#
#    Output file  =
#        D:\FREERTOS\Queue - xQueuePeek()\EWARM\Queue - xQueuePeek()\Exe\Queue
#        - xQueuePeek().out
#    Map file     =
#        D:\FREERTOS\Queue - xQueuePeek()\EWARM\Queue - xQueuePeek()\List\Queue
#        - xQueuePeek().map
#    Command line =
#        -f C:\Users\Vishnu\AppData\Local\Temp\EWC31C.tmp ("D:\FREERTOS\Queue -
#        xQueuePeek()\EWARM\Queue - xQueuePeek()\Obj\cmsis_os2.o"
#        "D:\FREERTOS\Queue - xQueuePeek()\EWARM\Queue -
#        xQueuePeek()\Obj\croutine.o" "D:\FREERTOS\Queue -
#        xQueuePeek()\EWARM\Queue - xQueuePeek()\Obj\event_groups.o"
#        "D:\FREERTOS\Queue - xQueuePeek()\EWARM\Queue -
#        xQueuePeek()\Obj\freertos.o" "D:\FREERTOS\Queue -
#        xQueuePeek()\EWARM\Queue - xQueuePeek()\Obj\heap_4.o"
#        "D:\FREERTOS\Queue - xQueuePeek()\EWARM\Queue -
#        xQueuePeek()\Obj\list.o" "D:\FREERTOS\Queue - xQueuePeek()\EWARM\Queue
#        - xQueuePeek()\Obj\main.o" "D:\FREERTOS\Queue -
#        xQueuePeek()\EWARM\Queue - xQueuePeek()\Obj\port.o" "D:\FREERTOS\Queue
#        - xQueuePeek()\EWARM\Queue - xQueuePeek()\Obj\portasm.o"
#        "D:\FREERTOS\Queue - xQueuePeek()\EWARM\Queue -
#        xQueuePeek()\Obj\queue.o" "D:\FREERTOS\Queue -
#        xQueuePeek()\EWARM\Queue - xQueuePeek()\Obj\startup_stm32f750xx.o"
#        "D:\FREERTOS\Queue - xQueuePeek()\EWARM\Queue -
#        xQueuePeek()\Obj\stm32f7xx_hal.o" "D:\FREERTOS\Queue -
#        xQueuePeek()\EWARM\Queue - xQueuePeek()\Obj\stm32f7xx_hal_cortex.o"
#        "D:\FREERTOS\Queue - xQueuePeek()\EWARM\Queue -
#        xQueuePeek()\Obj\stm32f7xx_hal_dma.o" "D:\FREERTOS\Queue -
#        xQueuePeek()\EWARM\Queue - xQueuePeek()\Obj\stm32f7xx_hal_dma_ex.o"
#        "D:\FREERTOS\Queue - xQueuePeek()\EWARM\Queue -
#        xQueuePeek()\Obj\stm32f7xx_hal_exti.o" "D:\FREERTOS\Queue -
#        xQueuePeek()\EWARM\Queue - xQueuePeek()\Obj\stm32f7xx_hal_flash.o"
#        "D:\FREERTOS\Queue - xQueuePeek()\EWARM\Queue -
#        xQueuePeek()\Obj\stm32f7xx_hal_flash_ex.o" "D:\FREERTOS\Queue -
#        xQueuePeek()\EWARM\Queue - xQueuePeek()\Obj\stm32f7xx_hal_gpio.o"
#        "D:\FREERTOS\Queue - xQueuePeek()\EWARM\Queue -
#        xQueuePeek()\Obj\stm32f7xx_hal_i2c.o" "D:\FREERTOS\Queue -
#        xQueuePeek()\EWARM\Queue - xQueuePeek()\Obj\stm32f7xx_hal_i2c_ex.o"
#        "D:\FREERTOS\Queue - xQueuePeek()\EWARM\Queue -
#        xQueuePeek()\Obj\stm32f7xx_hal_msp.o" "D:\FREERTOS\Queue -
#        xQueuePeek()\EWARM\Queue - xQueuePeek()\Obj\stm32f7xx_hal_pwr.o"
#        "D:\FREERTOS\Queue - xQueuePeek()\EWARM\Queue -
#        xQueuePeek()\Obj\stm32f7xx_hal_pwr_ex.o" "D:\FREERTOS\Queue -
#        xQueuePeek()\EWARM\Queue - xQueuePeek()\Obj\stm32f7xx_hal_rcc.o"
#        "D:\FREERTOS\Queue - xQueuePeek()\EWARM\Queue -
#        xQueuePeek()\Obj\stm32f7xx_hal_rcc_ex.o" "D:\FREERTOS\Queue -
#        xQueuePeek()\EWARM\Queue - xQueuePeek()\Obj\stm32f7xx_hal_tim.o"
#        "D:\FREERTOS\Queue - xQueuePeek()\EWARM\Queue -
#        xQueuePeek()\Obj\stm32f7xx_hal_tim_ex.o" "D:\FREERTOS\Queue -
#        xQueuePeek()\EWARM\Queue -
#        xQueuePeek()\Obj\stm32f7xx_hal_timebase_tim.o" "D:\FREERTOS\Queue -
#        xQueuePeek()\EWARM\Queue - xQueuePeek()\Obj\stm32f7xx_hal_uart.o"
#        "D:\FREERTOS\Queue - xQueuePeek()\EWARM\Queue -
#        xQueuePeek()\Obj\stm32f7xx_hal_uart_ex.o" "D:\FREERTOS\Queue -
#        xQueuePeek()\EWARM\Queue - xQueuePeek()\Obj\stm32f7xx_it.o"
#        "D:\FREERTOS\Queue - xQueuePeek()\EWARM\Queue -
#        xQueuePeek()\Obj\stream_buffer.o" "D:\FREERTOS\Queue -
#        xQueuePeek()\EWARM\Queue - xQueuePeek()\Obj\system_stm32f7xx.o"
#        "D:\FREERTOS\Queue - xQueuePeek()\EWARM\Queue -
#        xQueuePeek()\Obj\tasks.o" "D:\FREERTOS\Queue -
#        xQueuePeek()\EWARM\Queue - xQueuePeek()\Obj\timers.o"
#        --no_out_extension -o "D:\FREERTOS\Queue - xQueuePeek()\EWARM\Queue -
#        xQueuePeek()\Exe\Queue - xQueuePeek().out" --redirect
#        _Printf=_PrintfFullNoMb --redirect _Scanf=_ScanfFullNoMb --map
#        "D:\FREERTOS\Queue - xQueuePeek()\EWARM\Queue -
#        xQueuePeek()\List\Queue - xQueuePeek().map" --config
#        "D:\FREERTOS\Queue - xQueuePeek()\EWARM/stm32f750xx_flash.icf"
#        --semihosting --entry __iar_program_start --vfe --text_out locale)
#
###############################################################################

*******************************************************************************
*** RUNTIME MODEL ATTRIBUTES
***

CppFlavor       = *
__SystemLibrary = DLib
__dlib_version  = 6


*******************************************************************************
*** HEAP SELECTION
***

The basic heap was selected because no calls to memory allocation
functions were found in the application outside of system library
functions, and there are calls to deallocation functions in the
application.


*******************************************************************************
*** PLACEMENT SUMMARY
***

"A0":  place at address 0x800'0000 { ro section .intvec };
"P1":  place in [from 0x800'0000 to 0x800'ffff] { ro };
define block CSTACK with size = 1K, alignment = 8 { };
define block HEAP with size = 512, alignment = 8 { };
"P2":  place in [from 0x2000'0000 to 0x2004'ffff] {
          rw, block CSTACK, block HEAP };
initialize by copy { rw };

  Section            Kind         Address    Size  Object
  -------            ----         -------    ----  ------
"A0":                                       0x1c8
  .intvec            ro code   0x800'0000   0x1c8  startup_stm32f750xx.o [1]
                             - 0x800'01c8   0x1c8

"P1":                                      0x4fa5
  .text              ro code   0x800'01c8   0xfc6  xprintffull_nomb.o [2]
  .text              ro code   0x800'118e    0x3a  zero_init3.o [4]
  .text              ro code   0x800'11c8    0x16  strchr.o [4]
  .text              ro code   0x800'11de     0xa  xsprout.o [2]
  .text              ro code   0x800'11e8    0x40  xfail_s.o [2]
  .text              ro code   0x800'1228    0x14  strlen_small.o [4]
  .text              ro code   0x800'123c    0x58  memchr.o [4]
  .text              ro code   0x800'1294    0x18  ABImemcpy_small.o [4]
  .text              ro code   0x800'12ac    0x70  frexp.o [3]
  .text              ro code   0x800'131c    0x2e  DblCmpLe.o [3]
  .rodata            const     0x800'134a     0x2  xlocale_c.o [2]
  .text              ro code   0x800'134c    0x2e  DblCmpGe.o [3]
  .rodata            const     0x800'137a     0x1  xlocale_c.o [2]
  .text              ro code   0x800'137c   0x13a  ldexp.o [3]
  .text              ro code   0x800'14b8    0x3a  DblToS32.o [3]
  .text              ro code   0x800'14f4    0x22  S32ToDbl.o [3]
  .text              ro code   0x800'1518    0xe2  DblSub.o [3]
  .text              ro code   0x800'15fc   0x246  DblDiv.o [3]
  .text              ro code   0x800'1844    0x28  DblToU32.o [3]
  .text              ro code   0x800'186c    0x1a  U32ToDbl.o [3]
  .text              ro code   0x800'1888   0x1a2  DblMul.o [3]
  .text              ro code   0x800'1a2c     0x8  xlocale_c.o [2]
  .text              ro code   0x800'1a34   0x106  I64DivMod_small.o [4]
  .text              ro code   0x800'1b3a     0x6  abort.o [2]
  .text              ro code   0x800'1b40   0x16a  DblAdd.o [3]
  .text              ro code   0x800'1cac     0x2  I64DivZer.o [4]
  .text              ro code   0x800'1cb0    0x14  exit.o [5]
  .text              ro code   0x800'1cc4   0x794  tasks.o [1]
  .text              ro code   0x800'2458   0x1bc  heap_4.o [1]
  .text              ro code   0x800'2614    0x3a  ABImemset48.o [4]
  .text              ro code   0x800'264e    0x94  list.o [1]
  .text              ro code   0x800'26e4   0x1e4  port.o [1]
  .text              ro code   0x800'28c8    0x2c  cmsis_os2.o [1]
  .text              ro code   0x800'28f4   0x354  timers.o [1]
  CODE               ro code   0x800'2c48    0xb4  portasm.o [1]
  .text              ro code   0x800'2cfc   0x6e4  queue.o [1]
  .text              ro code   0x800'33e0   0x532  stm32f7xx_hal_uart.o [1]
  .text              ro code   0x800'3914    0xf4  stm32f7xx_hal_msp.o [1]
  .text              ro code   0x800'3a08     0xc  stm32f7xx_hal.o [1]
  .text              ro code   0x800'3a14   0x508  stm32f7xx_hal_rcc.o [1]
  .text              ro code   0x800'3f1c    0x98  stm32f7xx_hal_cortex.o [1]
  .text              ro code   0x800'3fb4    0x14  memset.o [4]
  .text              ro code   0x800'3fc8   0x460  stm32f7xx_hal_rcc_ex.o [1]
  .text              ro code   0x800'4428   0x2fc  main.o [1]
  .text              ro code   0x800'4724   0x20c  stm32f7xx_hal_gpio.o [1]
  .text              ro code   0x800'4930    0x78  stm32f7xx_hal_timebase_tim.o [1]
  .text              ro code   0x800'49a8    0x12  ABImemset_small.o [4]
  .text              ro code   0x800'49bc    0x16  stm32f7xx_hal.o [1]
  .text              ro code   0x800'49d4    0x48  FltToDbl.o [3]
  .text              ro code   0x800'4a1c    0x40  sprintf.o [2]
  .text              ro code   0x800'4a5c     0x6  ABImemclr4.o [4]
  .text              ro code   0x800'4a64    0x74  stm32f7xx_hal_pwr_ex.o [1]
  .text              ro code   0x800'4ad8    0x10  stm32f7xx_hal.o [1]
  .text              ro code   0x800'4ae8   0x32e  stm32f7xx_hal_tim.o [1]
  .text              ro code   0x800'4e16     0x2  stm32f7xx_hal_tim.o [1]
  .text              ro code   0x800'4e18     0x2  stm32f7xx_hal_tim.o [1]
  .text              ro code   0x800'4e1a     0x2  stm32f7xx_hal_tim_ex.o [1]
  .text              ro code   0x800'4e1c     0x2  stm32f7xx_hal_tim_ex.o [1]
  .text              ro code   0x800'4e1e     0x2  stm32f7xx_hal_tim.o [1]
  .text              ro code   0x800'4e20     0x2  stm32f7xx_hal_tim_ex.o [1]
  .text              ro code   0x800'4e22     0x2  stm32f7xx_hal_tim.o [1]
  .text              ro code   0x800'4e24    0x38  packbits_init_single.o [4]
  .text              ro code   0x800'4e5c    0x28  data_init.o [4]
  .rodata            const     0x800'4e84    0x24  main.o [1]
  .rodata            const     0x800'4ea8    0x24  main.o [1]
  .text              ro code   0x800'4ecc    0x22  fpinit_M.o [3]
  .iar.init_table    const     0x800'4ef0    0x20  - Linker created -
  .text              ro code   0x800'4f10    0x20  system_stm32f7xx.o [1]
  .text              ro code   0x800'4f30    0x1e  cmain.o [4]
  .text              ro code   0x800'4f4e     0x4  low_level_init.o [2]
  .text              ro code   0x800'4f52     0x4  exit.o [2]
  .text              ro code   0x800'4f58     0xa  cexit.o [4]
  .text              ro code   0x800'4f64    0x18  stm32f7xx_it.o [1]
  .text              ro code   0x800'4f7c    0x10  startup_stm32f750xx.o [1]
  .text              ro code   0x800'4f8c     0xc  cstartup_M.o [4]
  .rodata            const     0x800'4f98     0x8  system_stm32f7xx.o [1]
  .rodata            const     0x800'4fa0     0x8  xprintffull_nomb.o [2]
  .text              ro code   0x800'4fa8     0x4  startup_stm32f750xx.o [1]
  .text              ro code   0x800'4fac     0x4  startup_stm32f750xx.o [1]
  .text              ro code   0x800'4fb0     0x4  startup_stm32f750xx.o [1]
  .text              ro code   0x800'4fb4     0x4  startup_stm32f750xx.o [1]
  .text              ro code   0x800'4fb8     0x4  startup_stm32f750xx.o [1]
  .text              ro code   0x800'4fbc     0x4  startup_stm32f750xx.o [1]
  .text              ro code   0x800'4fc0     0x4  startup_stm32f750xx.o [1]
  .text              ro code   0x800'4fc4     0x4  startup_stm32f750xx.o [1]
  .text              ro code   0x800'4fc8     0x4  startup_stm32f750xx.o [1]
  .text              ro code   0x800'4fcc     0x4  startup_stm32f750xx.o [1]
  .text              ro code   0x800'4fd0     0x4  startup_stm32f750xx.o [1]
  .text              ro code   0x800'4fd4     0x4  startup_stm32f750xx.o [1]
  .text              ro code   0x800'4fd8     0x4  startup_stm32f750xx.o [1]
  .text              ro code   0x800'4fdc     0x4  startup_stm32f750xx.o [1]
  .text              ro code   0x800'4fe0     0x4  startup_stm32f750xx.o [1]
  .text              ro code   0x800'4fe4     0x4  startup_stm32f750xx.o [1]
  .text              ro code   0x800'4fe8     0x4  startup_stm32f750xx.o [1]
  .text              ro code   0x800'4fec     0x4  startup_stm32f750xx.o [1]
  .text              ro code   0x800'4ff0     0x4  startup_stm32f750xx.o [1]
  .text              ro code   0x800'4ff4     0x4  startup_stm32f750xx.o [1]
  .text              ro code   0x800'4ff8     0x4  startup_stm32f750xx.o [1]
  .text              ro code   0x800'4ffc     0x4  startup_stm32f750xx.o [1]
  .text              ro code   0x800'5000     0x4  startup_stm32f750xx.o [1]
  .text              ro code   0x800'5004     0x4  startup_stm32f750xx.o [1]
  .text              ro code   0x800'5008     0x4  startup_stm32f750xx.o [1]
  .text              ro code   0x800'500c     0x4  startup_stm32f750xx.o [1]
  .text              ro code   0x800'5010     0x4  startup_stm32f750xx.o [1]
  .text              ro code   0x800'5014     0x4  startup_stm32f750xx.o [1]
  .text              ro code   0x800'5018     0x4  startup_stm32f750xx.o [1]
  .text              ro code   0x800'501c     0x4  startup_stm32f750xx.o [1]
  .text              ro code   0x800'5020     0x4  startup_stm32f750xx.o [1]
  .text              ro code   0x800'5024     0x4  startup_stm32f750xx.o [1]
  .text              ro code   0x800'5028     0x4  startup_stm32f750xx.o [1]
  .text              ro code   0x800'502c     0x4  startup_stm32f750xx.o [1]
  .text              ro code   0x800'5030     0x4  startup_stm32f750xx.o [1]
  .text              ro code   0x800'5034     0x4  startup_stm32f750xx.o [1]
  .text              ro code   0x800'5038     0x4  startup_stm32f750xx.o [1]
  .text              ro code   0x800'503c     0x4  startup_stm32f750xx.o [1]
  .text              ro code   0x800'5040     0x4  startup_stm32f750xx.o [1]
  .text              ro code   0x800'5044     0x4  startup_stm32f750xx.o [1]
  .text              ro code   0x800'5048     0x4  startup_stm32f750xx.o [1]
  .text              ro code   0x800'504c     0x4  startup_stm32f750xx.o [1]
  .text              ro code   0x800'5050     0x4  startup_stm32f750xx.o [1]
  .text              ro code   0x800'5054     0x4  startup_stm32f750xx.o [1]
  .text              ro code   0x800'5058     0x4  startup_stm32f750xx.o [1]
  .text              ro code   0x800'505c     0x4  startup_stm32f750xx.o [1]
  .text              ro code   0x800'5060     0x4  startup_stm32f750xx.o [1]
  .text              ro code   0x800'5064     0x4  startup_stm32f750xx.o [1]
  .text              ro code   0x800'5068     0x4  startup_stm32f750xx.o [1]
  .text              ro code   0x800'506c     0x4  startup_stm32f750xx.o [1]
  .text              ro code   0x800'5070     0x4  startup_stm32f750xx.o [1]
  .text              ro code   0x800'5074     0x4  startup_stm32f750xx.o [1]
  .text              ro code   0x800'5078     0x4  startup_stm32f750xx.o [1]
  .text              ro code   0x800'507c     0x4  startup_stm32f750xx.o [1]
  .text              ro code   0x800'5080     0x4  startup_stm32f750xx.o [1]
  .text              ro code   0x800'5084     0x4  startup_stm32f750xx.o [1]
  .text              ro code   0x800'5088     0x4  startup_stm32f750xx.o [1]
  .text              ro code   0x800'508c     0x4  startup_stm32f750xx.o [1]
  .text              ro code   0x800'5090     0x4  startup_stm32f750xx.o [1]
  .text              ro code   0x800'5094     0x4  startup_stm32f750xx.o [1]
  .text              ro code   0x800'5098     0x4  startup_stm32f750xx.o [1]
  .text              ro code   0x800'509c     0x4  startup_stm32f750xx.o [1]
  .text              ro code   0x800'50a0     0x4  startup_stm32f750xx.o [1]
  .text              ro code   0x800'50a4     0x4  startup_stm32f750xx.o [1]
  .text              ro code   0x800'50a8     0x4  startup_stm32f750xx.o [1]
  .text              ro code   0x800'50ac     0x4  startup_stm32f750xx.o [1]
  .text              ro code   0x800'50b0     0x4  startup_stm32f750xx.o [1]
  .text              ro code   0x800'50b4     0x4  startup_stm32f750xx.o [1]
  .text              ro code   0x800'50b8     0x4  startup_stm32f750xx.o [1]
  .text              ro code   0x800'50bc     0x4  startup_stm32f750xx.o [1]
  .text              ro code   0x800'50c0     0x4  startup_stm32f750xx.o [1]
  .text              ro code   0x800'50c4     0x4  startup_stm32f750xx.o [1]
  .text              ro code   0x800'50c8     0x4  startup_stm32f750xx.o [1]
  .text              ro code   0x800'50cc     0x4  startup_stm32f750xx.o [1]
  .text              ro code   0x800'50d0     0x4  startup_stm32f750xx.o [1]
  .text              ro code   0x800'50d4     0x4  startup_stm32f750xx.o [1]
  .text              ro code   0x800'50d8     0x4  startup_stm32f750xx.o [1]
  .text              ro code   0x800'50dc     0x4  startup_stm32f750xx.o [1]
  .text              ro code   0x800'50e0     0x4  startup_stm32f750xx.o [1]
  .text              ro code   0x800'50e4     0x4  startup_stm32f750xx.o [1]
  .text              ro code   0x800'50e8     0x4  startup_stm32f750xx.o [1]
  .text              ro code   0x800'50ec     0x4  startup_stm32f750xx.o [1]
  .text              ro code   0x800'50f0     0x4  startup_stm32f750xx.o [1]
  .text              ro code   0x800'50f4     0x4  startup_stm32f750xx.o [1]
  .text              ro code   0x800'50f8     0x4  startup_stm32f750xx.o [1]
  .text              ro code   0x800'50fc     0x4  startup_stm32f750xx.o [1]
  .text              ro code   0x800'5100     0x4  startup_stm32f750xx.o [1]
  .text              ro code   0x800'5104     0x4  startup_stm32f750xx.o [1]
  .text              ro code   0x800'5108     0x4  startup_stm32f750xx.o [1]
  .text              ro code   0x800'510c     0x4  startup_stm32f750xx.o [1]
  .text              ro code   0x800'5110     0x4  startup_stm32f750xx.o [1]
  .text              ro code   0x800'5114     0x4  startup_stm32f750xx.o [1]
  .text              ro code   0x800'5118     0x4  startup_stm32f750xx.o [1]
  .text              ro code   0x800'511c     0x4  startup_stm32f750xx.o [1]
  .text              ro code   0x800'5120     0x4  startup_stm32f750xx.o [1]
  .text              ro code   0x800'5124     0x4  startup_stm32f750xx.o [1]
  .text              ro code   0x800'5128     0x4  startup_stm32f750xx.o [1]
  .rodata            const     0x800'512c     0x0  zero_init3.o [4]
  .rodata            const     0x800'512c     0x0  packbits_init_single.o [4]
  Initializer bytes  const     0x800'512c    0x41  <for P2-1>
                             - 0x800'516d  0x4fa5

"P2", part 1 of 3:                           0x54
  P2-1                        0x2000'0000    0x54  <Init block>
    .data            inited   0x2000'0000     0xc  port.o [1]
    .data            inited   0x2000'000c     0xc  stm32f7xx_hal.o [1]
    .data            inited   0x2000'0018     0x4  system_stm32f7xx.o [1]
    .data            inited   0x2000'001c    0x38  xlocale_c.o [2]
                            - 0x2000'0054    0x54

"P2", part 2 of 3:                         0x4a10
  .bss               zero     0x2000'0054  0x3c18  heap_4.o [1]
  .bss               zero     0x2000'3c6c   0x460  tasks.o [1]
  .bss               zero     0x2000'40cc   0x45c  cmsis_os2.o [1]
  .bss               zero     0x2000'4528   0x25c  cmsis_os2.o [1]
  .bss               zero     0x2000'4784   0x12c  timers.o [1]
  .bss               zero     0x2000'48b0    0x9c  tasks.o [1]
  .bss               zero     0x2000'494c    0x84  main.o [1]
  .bss               zero     0x2000'49d0    0x4c  stm32f7xx_hal_timebase_tim.o [1]
  .bss               zero     0x2000'4a1c    0x40  queue.o [1]
  .bss               zero     0x2000'4a5c     0x4  main.o [1]
  .bss               zero     0x2000'4a60     0x4  xfail_s.o [2]
                            - 0x2000'4a64  0x4a10

"P2", part 3 of 3:                          0x400
  CSTACK                      0x2000'4a68   0x400  <Block>
    CSTACK           uninit   0x2000'4a68   0x400  <Block tail>
                            - 0x2000'4e68   0x400

Unused ranges:

         From           To      Size
         ----           --      ----
   0x800'516d   0x800'ffff    0xae93
  0x2000'4a64  0x2000'4a67       0x4
  0x2000'4e68  0x2004'ffff  0x4'b198


*******************************************************************************
*** INIT TABLE
***

          Address      Size
          -------      ----
Zero (__iar_zero_init3)
    1 destination range, total size 0x4a10:
          0x2000'0054  0x4a10

Copy/packbits (__iar_packbits_init_single3)
    1 source range, total size 0x41 (77% of destination):
           0x800'512c    0x41
    1 destination range, total size 0x54:
          0x2000'0000    0x54



*******************************************************************************
*** MODULE SUMMARY
***

    Module                        ro code  ro data  rw data
    ------                        -------  -------  -------
command line/config:
    -------------------------------------------------------
    Total:

D:\FREERTOS\Queue - xQueuePeek()\EWARM\Queue - xQueuePeek()\Obj: [1]
    cmsis_os2.o                        44             1'720
    heap_4.o                          444            15'384
    list.o                            148
    main.o                            764       72      136
    port.o                            484        9       12
    portasm.o                         180
    queue.o                         1'764                64
    startup_stm32f750xx.o             860
    stm32f7xx_hal.o                    50        9       12
    stm32f7xx_hal_cortex.o            152
    stm32f7xx_hal_gpio.o              524
    stm32f7xx_hal_msp.o               244
    stm32f7xx_hal_pwr_ex.o            116
    stm32f7xx_hal_rcc.o             1'288
    stm32f7xx_hal_rcc_ex.o          1'120
    stm32f7xx_hal_tim.o               822
    stm32f7xx_hal_tim_ex.o              6
    stm32f7xx_hal_timebase_tim.o      120                76
    stm32f7xx_hal_uart.o            1'330
    stm32f7xx_it.o                     24
    system_stm32f7xx.o                 32       11        4
    tasks.o                         1'940             1'276
    timers.o                          852               300
    -------------------------------------------------------
    Total:                         13'308      101   18'984

dl7M_tlf.a: [2]
    abort.o                             6
    exit.o                              4
    low_level_init.o                    4
    sprintf.o                          64
    xfail_s.o                          64                 4
    xlocale_c.o                         8       47       56
    xprintffull_nomb.o              4'038        8
    xsprout.o                          10
    -------------------------------------------------------
    Total:                          4'198       55       60

m7M_tls.a: [3]
    DblAdd.o                          362
    DblCmpGe.o                         46
    DblCmpLe.o                         46
    DblDiv.o                          582
    DblMul.o                          418
    DblSub.o                          226
    DblToS32.o                         58
    DblToU32.o                         40
    FltToDbl.o                         72
    S32ToDbl.o                         34
    U32ToDbl.o                         26
    fpinit_M.o                         34
    frexp.o                           112
    ldexp.o                           314
    -------------------------------------------------------
    Total:                          2'370

rt7M_tl.a: [4]
    ABImemclr4.o                        6
    ABImemcpy_small.o                  24
    ABImemset48.o                      58
    ABImemset_small.o                  18
    I64DivMod_small.o                 262
    I64DivZer.o                         2
    cexit.o                            10
    cmain.o                            30
    cstartup_M.o                       12
    data_init.o                        40
    memchr.o                           88
    memset.o                           20
    packbits_init_single.o             56
    strchr.o                           22
    strlen_small.o                     20
    zero_init3.o                       58
    -------------------------------------------------------
    Total:                            726

shb_l.a: [5]
    exit.o                             20
    -------------------------------------------------------
    Total:                             20

    Gaps                               33        2
    Linker created                              32    1'024
-----------------------------------------------------------
    Grand Total:                   20'655      190   20'068


*******************************************************************************
*** ENTRY LIST
***

Entry                       Address    Size  Type      Object
-----                       -------    ----  ----      ------
.iar.init_table$$Base    0x800'4ef0           --   Gb  - Linker created -
.iar.init_table$$Limit   0x800'4f10           --   Gb  - Linker created -
?main                    0x800'4f31          Code  Gb  cmain.o [4]
AHBPrescTable            0x800'4f20    0x10  Data  Gb  system_stm32f7xx.o [1]
APBPrescTable            0x800'4f98     0x8  Data  Gb  system_stm32f7xx.o [1]
BusFault_Handler         0x800'4f6b     0x2  Code  Gb  stm32f7xx_it.o [1]
CSTACK$$Base            0x2000'4a68           --   Gb  - Linker created -
CSTACK$$Limit           0x2000'4e68           --   Gb  - Linker created -
DebugMon_Handler         0x800'4f6f     0x2  Code  Gb  stm32f7xx_it.o [1]
Error_Handler            0x800'46e9     0x4  Code  Gb  main.o [1]
HAL_GPIO_Init            0x800'4725   0x1d6  Code  Gb  stm32f7xx_hal_gpio.o [1]
HAL_GetTick              0x800'3a09     0xc  Code  Wk  stm32f7xx_hal.o [1]
HAL_IncTick              0x800'4ad9    0x10  Code  Wk  stm32f7xx_hal.o [1]
HAL_Init                 0x800'49bd    0x16  Code  Gb  stm32f7xx_hal.o [1]
HAL_InitTick             0x800'4931    0x68  Code  Gb  stm32f7xx_hal_timebase_tim.o [1]
HAL_MspInit              0x800'3915    0x36  Code  Gb  stm32f7xx_hal_msp.o [1]
HAL_NVIC_EnableIRQ       0x800'3f8b    0x16  Code  Gb  stm32f7xx_hal_cortex.o [1]
HAL_NVIC_SetPriority     0x800'3f51    0x3a  Code  Gb  stm32f7xx_hal_cortex.o [1]
HAL_NVIC_SetPriorityGrouping
                         0x800'3f37    0x1a  Code  Gb  stm32f7xx_hal_cortex.o [1]
HAL_PWREx_EnableOverDrive
                         0x800'4a65    0x46  Code  Gb  stm32f7xx_hal_pwr_ex.o [1]
HAL_RCCEx_PeriphCLKConfig
                         0x800'3fc9   0x428  Code  Gb  stm32f7xx_hal_rcc_ex.o [1]
HAL_RCC_ClockConfig      0x800'3d3b    0xfa  Code  Gb  stm32f7xx_hal_rcc.o [1]
HAL_RCC_GetClockConfig   0x800'3eb9    0x36  Code  Gb  stm32f7xx_hal_rcc.o [1]
HAL_RCC_GetPCLK1Freq     0x800'3e95    0x10  Code  Gb  stm32f7xx_hal_rcc.o [1]
HAL_RCC_GetPCLK2Freq     0x800'3ea5     0xe  Code  Gb  stm32f7xx_hal_rcc.o [1]
HAL_RCC_GetSysClockFreq
                         0x800'3e49    0x4c  Code  Gb  stm32f7xx_hal_rcc.o [1]
HAL_RCC_OscConfig        0x800'3a15   0x326  Code  Gb  stm32f7xx_hal_rcc.o [1]
HAL_TIMEx_Break2Callback
                         0x800'4e1d     0x2  Code  Wk  stm32f7xx_hal_tim_ex.o [1]
HAL_TIMEx_BreakCallback
                         0x800'4e1b     0x2  Code  Wk  stm32f7xx_hal_tim_ex.o [1]
HAL_TIMEx_CommutCallback
                         0x800'4e21     0x2  Code  Wk  stm32f7xx_hal_tim_ex.o [1]
HAL_TIM_Base_Init        0x800'4ae9    0x1a  Code  Gb  stm32f7xx_hal_tim.o [1]
HAL_TIM_Base_Start_IT    0x800'4b03    0x84  Code  Gb  stm32f7xx_hal_tim.o [1]
HAL_TIM_IRQHandler       0x800'4be1   0x15c  Code  Gb  stm32f7xx_hal_tim.o [1]
HAL_TIM_PeriodElapsedCallback
                         0x800'46b1     0xe  Code  Gb  main.o [1]
HAL_UART_Init            0x800'33e1    0x38  Code  Gb  stm32f7xx_hal_uart.o [1]
HAL_UART_MspInit         0x800'394b    0xa8  Code  Gb  stm32f7xx_hal_msp.o [1]
HAL_UART_Transmit        0x800'345b    0xb8  Code  Gb  stm32f7xx_hal_uart.o [1]
HardFault_Handler        0x800'4f67     0x2  Code  Gb  stm32f7xx_it.o [1]
Idle_Stack              0x2000'4584   0x200  Data  Lc  cmsis_os2.o [1]
Idle_TCB                0x2000'4528    0x5c  Data  Lc  cmsis_os2.o [1]
MemManage_Handler        0x800'4f69     0x2  Code  Gb  stm32f7xx_it.o [1]
NMI_Handler              0x800'4f65     0x2  Code  Gb  stm32f7xx_it.o [1]
PendSV_Handler           0x800'2c49          Code  Gb  portasm.o [1]
Region$$Table$$Base      0x800'4ef0           --   Gb  - Linker created -
Region$$Table$$Limit     0x800'4f10           --   Gb  - Linker created -
SVC_Handler              0x800'2ca5          Code  Gb  portasm.o [1]
SysTick_Handler          0x800'2827    0x1c  Code  Gb  port.o [1]
SystemClock_Config       0x800'460f    0xa2  Code  Gb  main.o [1]
SystemCoreClock         0x2000'0018     0x4  Data  Gb  system_stm32f7xx.o [1]
SystemInit               0x800'4f11     0xc  Code  Gb  system_stm32f7xx.o [1]
TIM1_UP_TIM10_IRQHandler
                         0x800'4f71     0x6  Code  Gb  stm32f7xx_it.o [1]
TIM_Base_SetConfig       0x800'4d43    0xa4  Code  Gb  stm32f7xx_hal_tim.o [1]
Task_PeekStruct          0x800'456d    0x3c  Code  Gb  main.o [1]
Task_ReceiveStruct       0x800'45a9    0x3c  Code  Gb  main.o [1]
Task_SendStruct          0x800'44f1    0x7a  Code  Gb  main.o [1]
Timer_Stack             0x2000'4128   0x400  Data  Lc  cmsis_os2.o [1]
Timer_TCB               0x2000'40cc    0x5c  Data  Lc  cmsis_os2.o [1]
UART_AdvFeatureConfig    0x800'373d    0xc8  Code  Gb  stm32f7xx_hal_uart.o [1]
UART_CheckIdleState      0x800'3805    0x42  Code  Gb  stm32f7xx_hal_uart.o [1]
UART_SetConfig           0x800'351d   0x1f4  Code  Gb  stm32f7xx_hal_uart.o [1]
UART_WaitOnFlagUntilTimeout
                         0x800'3847    0x92  Code  Gb  stm32f7xx_hal_uart.o [1]
UsageFault_Handler       0x800'4f6d     0x2  Code  Gb  stm32f7xx_it.o [1]
_LitobFullNoMb           0x800'0f89   0x10a  Code  Lc  xprintffull_nomb.o [2]
_Locale_lconv           0x2000'001c    0x38  Data  Lc  xlocale_c.o [2]
_PrintfFullNoMb          0x800'01c9   0xd9c  Code  Gb  xprintffull_nomb.o [2]
_PutcharFullNoMb         0x800'10f9    0x20  Code  Lc  xprintffull_nomb.o [2]
_PutcharsFullNoMb        0x800'1119    0x2e  Code  Lc  xprintffull_nomb.o [2]
_SProut                  0x800'11df     0xa  Code  Gb  xsprout.o [2]
__NVIC_SetPriority       0x800'3f1d    0x1a  Code  Lc  stm32f7xx_hal_cortex.o [1]
__aeabi_cdcmple          0x800'131d          Code  Gb  DblCmpLe.o [3]
__aeabi_cdrcmple         0x800'134d          Code  Gb  DblCmpGe.o [3]
__aeabi_d2iz             0x800'14b9          Code  Gb  DblToS32.o [3]
__aeabi_d2uiz            0x800'1845          Code  Gb  DblToU32.o [3]
__aeabi_ddiv             0x800'15fd          Code  Gb  DblDiv.o [3]
__aeabi_dmul             0x800'1889          Code  Gb  DblMul.o [3]
__aeabi_dsub             0x800'1519          Code  Gb  DblSub.o [3]
__aeabi_f2d              0x800'49d5          Code  Gb  FltToDbl.o [3]
__aeabi_i2d              0x800'14f5          Code  Gb  S32ToDbl.o [3]
__aeabi_ldiv0            0x800'1cad          Code  Gb  I64DivZer.o [4]
__aeabi_memclr4          0x800'4a5d          Code  Gb  ABImemclr4.o [4]
__aeabi_memset4          0x800'2615          Code  Gb  ABImemset48.o [4]
__aeabi_memset8          0x800'2615          Code  Gb  ABImemset48.o [4]
__aeabi_ui2d             0x800'186d          Code  Gb  U32ToDbl.o [3]
__cmain                  0x800'4f31          Code  Gb  cmain.o [4]
__exit                   0x800'1cb1    0x14  Code  Gb  exit.o [5]
__iar_Fail_s             0x800'11e9    0x1c  Code  Gb  xfail_s.o [2]
__iar_Memchr             0x800'123d          Code  Gb  memchr.o [4]
__iar_Memset4_word       0x800'261d          Code  Gb  ABImemset48.o [4]
__iar_Memset8_word       0x800'261d          Code  Gb  ABImemset48.o [4]
__iar_Strchr             0x800'11c9          Code  Gb  strchr.o [4]
__iar_dadd               0x800'1529          Code  Gb  DblSub.o [3]
__iar_data_init3         0x800'4e5d    0x28  Code  Gb  data_init.o [4]
__iar_dsub               0x800'1b41          Code  Gb  DblAdd.o [3]
__iar_dsubStart          0x800'1b53          Code  Gb  DblAdd.o [3]
__iar_frexp              0x800'12b9          Code  Gb  frexp.o [3]
__iar_frexpl             0x800'12b9          Code  Gb  frexp.o [3]
__iar_init_vfp           0x800'4ecd          Code  Gb  fpinit_M.o [3]
__iar_ldexp64            0x800'137d          Code  Gb  ldexp.o [3]
__iar_packbits_init_single3
                         0x800'4e25    0x38  Code  Gb  packbits_init_single.o [4]
__iar_program_start      0x800'4f8d          Code  Gb  cstartup_M.o [4]
__iar_scalbln64          0x800'137d          Code  Gb  ldexp.o [3]
__iar_scalbn64           0x800'137d          Code  Gb  ldexp.o [3]
__iar_small_Memcpy       0x800'1299          Code  Gb  ABImemcpy_small.o [4]
__iar_small_Memset       0x800'49a9          Code  Gb  ABImemset_small.o [4]
__iar_small_Memset_word
                         0x800'49a9          Code  Gb  ABImemset_small.o [4]
__iar_small_memcpy       0x800'1295          Code  Gb  ABImemcpy_small.o [4]
__iar_small_memcpy4      0x800'1295          Code  Gb  ABImemcpy_small.o [4]
__iar_small_memcpy8      0x800'1295          Code  Gb  ABImemcpy_small.o [4]
__iar_small_memset       0x800'49a9          Code  Gb  ABImemset_small.o [4]
__iar_small_strlen       0x800'1229          Code  Gb  strlen_small.o [4]
__iar_small_uldivmod     0x800'1a35          Code  Gb  I64DivMod_small.o [4]
__iar_softfp___iar_frexp64
                         0x800'12ad          Code  Gb  frexp.o [3]
__iar_softfp_frexp       0x800'12ad          Code  Gb  frexp.o [3]
__iar_softfp_frexpl      0x800'12ad          Code  Gb  frexp.o [3]
__iar_zero_init3         0x800'118f    0x3a  Code  Gb  zero_init3.o [4]
__low_level_init         0x800'4f4f     0x4  Code  Gb  low_level_init.o [2]
__vector_table           0x800'0000          Data  Gb  startup_stm32f750xx.o [1]
_call_main               0x800'4f3d          Code  Gb  cmain.o [4]
_exit                    0x800'4f59          Code  Gb  cexit.o [4]
_main                    0x800'4f4b          Code  Gb  cmain.o [4]
abort                    0x800'1b3b     0x6  Code  Gb  abort.o [2]
exit                     0x800'4f53     0x4  Code  Gb  exit.o [2]
htim1                   0x2000'49d0    0x4c  Data  Gb  stm32f7xx_hal_timebase_tim.o [1]
huart1                  0x2000'494c    0x84  Data  Gb  main.o [1]
ldexp                    0x800'137d          Code  Gb  ldexp.o [3]
ldexpl                   0x800'137d          Code  Gb  ldexp.o [3]
localeconv               0x800'1a2d     0x4  Code  Gb  xlocale_c.o [2]
main                     0x800'4429    0xb8  Code  Gb  main.o [1]
memchr                   0x800'123d          Code  Gb  memchr.o [4]
memset                   0x800'3fb5    0x14  Code  Gb  memset.o [4]
prvAddCurrentTaskToDelayedList
                         0x800'23ed    0x4e  Code  Lc  tasks.o [1]
prvAddNewTaskToReadyList
                         0x800'1e11    0xb0  Code  Lc  tasks.o [1]
prvCheckForValidListAndQueue
                         0x800'2be1    0x4e  Code  Lc  timers.o [1]
prvCheckForValidListAndQueue{1}{2}{3}{4}::ucStaticTimerQueueStorage
                        0x2000'4810    0xa0  Data  Lc  timers.o [1]
prvCheckForValidListAndQueue{1}{2}{3}{4}::xStaticTimerQueue
                        0x2000'47c0    0x50  Data  Lc  timers.o [1]
prvCopyDataFromQueue     0x800'32cd    0x26  Code  Lc  queue.o [1]
prvCopyDataToQueue       0x800'3265    0x68  Code  Lc  queue.o [1]
prvDeleteTCB             0x800'22ef    0x2a  Code  Lc  tasks.o [1]
prvIdleTask              0x800'22a5    0x4a  Code  Lc  tasks.o [1]
prvInitialiseNewQueue    0x800'2e09    0x1e  Code  Lc  queue.o [1]
prvInitialiseNewTask     0x800'1d85    0x8c  Code  Lc  tasks.o [1]
prvInsertBlockIntoFreeList
                         0x800'25c9    0x46  Code  Lc  heap_4.o [1]
prvInsertTimerInActiveList
                         0x800'2bad    0x34  Code  Lc  timers.o [1]
prvIsQueueEmpty          0x800'335b    0x16  Code  Lc  queue.o [1]
prvResetNextTaskUnblockTime
                         0x800'2319    0x1c  Code  Lc  tasks.o [1]
prvSampleTimeNow         0x800'2b1f    0x7a  Code  Lc  timers.o [1]
prvSampleTimeNow::xLastTime
                        0x2000'4794     0x4  Data  Lc  timers.o [1]
prvTaskExitError         0x800'270d    0x20  Code  Lc  port.o [1]
prvTimerTask             0x800'2991   0x18e  Code  Lc  timers.o [1]
prvUnlockQueue           0x800'32f3    0x68  Code  Lc  queue.o [1]
pvPortMalloc             0x800'2459   0x106  Code  Gb  heap_4.o [1]
pxCurrentTCB            0x2000'48d8     0x4  Data  Gb  tasks.o [1]
pxCurrentTimerList      0x2000'4784     0x4  Data  Lc  timers.o [1]
pxDelayedTaskList       0x2000'48dc     0x4  Data  Lc  tasks.o [1]
pxEnd                   0x2000'005c     0x4  Data  Lc  heap_4.o [1]
pxOverflowDelayedTaskList
                        0x2000'48e0     0x4  Data  Lc  tasks.o [1]
pxOverflowTimerList     0x2000'4788     0x4  Data  Lc  timers.o [1]
pxPortInitialiseStack    0x800'26e5    0x26  Code  Gb  port.o [1]
pxReadyTasksLists       0x2000'3c6c   0x460  Data  Lc  tasks.o [1]
scalbln                  0x800'137d          Code  Gb  ldexp.o [3]
scalblnl                 0x800'137d          Code  Gb  ldexp.o [3]
scalbn                   0x800'137d          Code  Gb  ldexp.o [3]
scalbnl                  0x800'137d          Code  Gb  ldexp.o [3]
scale                    0x800'1093    0x46  Code  Lc  xprintffull_nomb.o [2]
sec_hand                0x2000'4a60     0x4  Data  Lc  xfail_s.o [2]
sensorQueue             0x2000'4a5c     0x4  Data  Gb  main.o [1]
sprintf                  0x800'4a1d    0x40  Code  Gb  sprintf.o [2]
strchr                   0x800'11c9          Code  Gb  strchr.o [4]
ucHeap                  0x2000'006c  0x3c00  Data  Lc  heap_4.o [1]
ucMaxSysCallPriority    0x2000'0000     0x1  Data  Lc  port.o [1]
ulMaxPRIGROUPValue      0x2000'0008     0x4  Data  Lc  port.o [1]
uwTick                  0x2000'0010     0x4  Data  Gb  stm32f7xx_hal.o [1]
uwTickFreq              0x2000'000c     0x1  Data  Gb  stm32f7xx_hal.o [1]
uwTickPrio              0x2000'0014     0x4  Data  Gb  stm32f7xx_hal.o [1]
uxCriticalNesting       0x2000'0004     0x4  Data  Lc  port.o [1]
uxCurrentNumberOfTasks  0x2000'48fc     0x4  Data  Lc  tasks.o [1]
uxDeletedTasksWaitingCleanUp
                        0x2000'48e4     0x4  Data  Lc  tasks.o [1]
uxListRemove             0x800'26bb    0x28  Code  Gb  list.o [1]
uxPendedTicks           0x2000'490c     0x4  Data  Lc  tasks.o [1]
uxQueueSpacesAvailable   0x800'324d    0x18  Code  Gb  queue.o [1]
uxSchedulerSuspended    0x2000'4920     0x4  Data  Lc  tasks.o [1]
uxTaskNumber            0x2000'4918     0x4  Data  Lc  tasks.o [1]
uxTopReadyPriority      0x2000'4904     0x4  Data  Lc  tasks.o [1]
vApplicationGetIdleTaskMemory
                         0x800'28c9    0x10  Code  Gb  cmsis_os2.o [1]
vApplicationGetTimerTaskMemory
                         0x800'28d9    0x12  Code  Gb  cmsis_os2.o [1]
vListInitialise          0x800'264f    0x1a  Code  Gb  list.o [1]
vListInitialiseItem      0x800'2669     0x6  Code  Gb  list.o [1]
vListInsert              0x800'2689    0x32  Code  Gb  list.o [1]
vListInsertEnd           0x800'266f    0x1a  Code  Gb  list.o [1]
vPortEnableVFP           0x800'2ce1          Code  Gb  portasm.o [1]
vPortEnterCritical       0x800'27c7    0x3a  Code  Gb  port.o [1]
vPortExitCritical        0x800'2801    0x26  Code  Gb  port.o [1]
vPortFree                0x800'2571    0x46  Code  Gb  heap_4.o [1]
vPortStartFirstTask      0x800'2cc1          Code  Gb  portasm.o [1]
vPortValidateInterruptPriority
                         0x800'2845    0x40  Code  Gb  port.o [1]
vQueueAddToRegistry      0x800'3371    0x20  Code  Gb  queue.o [1]
vQueueWaitForMessageRestricted
                         0x800'3399    0x48  Code  Gb  queue.o [1]
vTaskDelay               0x800'1edf    0x2a  Code  Gb  tasks.o [1]
vTaskInternalSetTimeOutState
                         0x800'221b     0xe  Code  Gb  tasks.o [1]
vTaskMissedYield         0x800'2299     0xa  Code  Gb  tasks.o [1]
vTaskPlaceOnEventList    0x800'2167    0x20  Code  Gb  tasks.o [1]
vTaskPlaceOnEventListRestricted
                         0x800'2187    0x20  Code  Gb  tasks.o [1]
vTaskStartScheduler      0x800'1f31    0x66  Code  Gb  tasks.o [1]
vTaskSuspendAll          0x800'1fa9     0xc  Code  Gb  tasks.o [1]
vTaskSwitchContext       0x800'211b    0x4c  Code  Gb  tasks.o [1]
xActiveTimerList1       0x2000'4798    0x14  Data  Lc  timers.o [1]
xActiveTimerList2       0x2000'47ac    0x14  Data  Lc  timers.o [1]
xBlockAllocatedBit      0x2000'0068     0x4  Data  Lc  heap_4.o [1]
xDelayedTaskList1       0x2000'4924    0x14  Data  Lc  tasks.o [1]
xDelayedTaskList2       0x2000'4938    0x14  Data  Lc  tasks.o [1]
xFreeBytesRemaining     0x2000'0060     0x4  Data  Lc  heap_4.o [1]
xMinimumEverFreeBytesRemaining
                        0x2000'0064     0x4  Data  Lc  heap_4.o [1]
xNextTaskUnblockTime    0x2000'491c     0x4  Data  Lc  tasks.o [1]
xNumOfOverflows         0x2000'4914     0x4  Data  Lc  tasks.o [1]
xPendingReadyList       0x2000'48b0    0x14  Data  Lc  tasks.o [1]
xPortStartScheduler      0x800'272d    0x86  Code  Gb  port.o [1]
xQueueGenericCreate      0x800'2dcb    0x3e  Code  Gb  queue.o [1]
xQueueGenericCreateStatic
                         0x800'2d6f    0x4a  Code  Gb  queue.o [1]
xQueueGenericReset       0x800'2cfd    0x72  Code  Gb  queue.o [1]
xQueueGenericSend        0x800'2e3b   0x118  Code  Gb  queue.o [1]
xQueueGenericSendFromISR
                         0x800'2f69    0x8a  Code  Gb  queue.o [1]
xQueuePeek               0x800'3149    0xfc  Code  Gb  queue.o [1]
xQueueReceive            0x800'301d    0xe6  Code  Gb  queue.o [1]
xQueueRegistry          0x2000'4a1c    0x40  Data  Gb  queue.o [1]
xSchedulerRunning       0x2000'4908     0x4  Data  Lc  tasks.o [1]
xStart                  0x2000'0054     0x8  Data  Lc  heap_4.o [1]
xSuspendedTaskList      0x2000'48e8    0x14  Data  Lc  tasks.o [1]
xTaskCheckForTimeOut     0x800'2229    0x5e  Code  Gb  tasks.o [1]
xTaskCreate              0x800'1d29    0x5c  Code  Gb  tasks.o [1]
xTaskCreateStatic        0x800'1cc5    0x52  Code  Gb  tasks.o [1]
xTaskGetSchedulerState   0x800'2335    0x18  Code  Gb  tasks.o [1]
xTaskGetTickCount        0x800'2049     0x8  Code  Gb  tasks.o [1]
xTaskIncrementTick       0x800'2051    0xb6  Code  Gb  tasks.o [1]
xTaskPriorityDisinherit
                         0x800'2353    0x54  Code  Gb  tasks.o [1]
xTaskRemoveFromEventList
                         0x800'21b9    0x4a  Code  Gb  tasks.o [1]
xTaskResumeAll           0x800'1fb5    0x94  Code  Gb  tasks.o [1]
xTasksWaitingTermination
                        0x2000'48c4    0x14  Data  Lc  tasks.o [1]
xTickCount              0x2000'4900     0x4  Data  Lc  tasks.o [1]
xTimerCreateTimerTask    0x800'28f5    0x4c  Code  Gb  timers.o [1]
xTimerGenericCommand     0x800'2941    0x4e  Code  Gb  timers.o [1]
xTimerQueue             0x2000'478c     0x4  Data  Lc  timers.o [1]
xTimerTaskHandle        0x2000'4790     0x4  Data  Lc  timers.o [1]
xYieldPending           0x2000'4910     0x4  Data  Lc  tasks.o [1]


[1] = D:\FREERTOS\Queue - xQueuePeek()\EWARM\Queue - xQueuePeek()\Obj
[2] = dl7M_tlf.a
[3] = m7M_tls.a
[4] = rt7M_tl.a
[5] = shb_l.a

  20'655 bytes of readonly  code memory
     190 bytes of readonly  data memory
  20'068 bytes of readwrite data memory

Errors: none
Warnings: none
