###############################################################################
#
# IAR ELF Linker V8.40.1.212/W32 for ARM                  30/Sep/2025  17:47:59
# Copyright 2007-2019 IAR Systems AB.
#
#    Output file  =
#        D:\FREERTOS\Task Timing Calculation\EWARM\Task Timing
#        Calculation\Exe\Task Timing Calculation.out
#    Map file     =
#        D:\FREERTOS\Task Timing Calculation\EWARM\Task Timing
#        Calculation\List\Task Timing Calculation.map
#    Command line =
#        -f C:\Users\Vishnu\AppData\Local\Temp\EW648E.tmp ("D:\FREERTOS\Task
#        Timing Calculation\EWARM\Task Timing Calculation\Obj\cmsis_os2.o"
#        "D:\FREERTOS\Task Timing Calculation\EWARM\Task Timing
#        Calculation\Obj\croutine.o" "D:\FREERTOS\Task Timing
#        Calculation\EWARM\Task Timing Calculation\Obj\event_groups.o"
#        "D:\FREERTOS\Task Timing Calculation\EWARM\Task Timing
#        Calculation\Obj\freertos.o" "D:\FREERTOS\Task Timing
#        Calculation\EWARM\Task Timing Calculation\Obj\heap_4.o"
#        "D:\FREERTOS\Task Timing Calculation\EWARM\Task Timing
#        Calculation\Obj\list.o" "D:\FREERTOS\Task Timing
#        Calculation\EWARM\Task Timing Calculation\Obj\main.o"
#        "D:\FREERTOS\Task Timing Calculation\EWARM\Task Timing
#        Calculation\Obj\port.o" "D:\FREERTOS\Task Timing
#        Calculation\EWARM\Task Timing Calculation\Obj\portasm.o"
#        "D:\FREERTOS\Task Timing Calculation\EWARM\Task Timing
#        Calculation\Obj\queue.o" "D:\FREERTOS\Task Timing
#        Calculation\EWARM\Task Timing Calculation\Obj\startup_stm32f750xx.o"
#        "D:\FREERTOS\Task Timing Calculation\EWARM\Task Timing
#        Calculation\Obj\stm32f7xx_hal.o" "D:\FREERTOS\Task Timing
#        Calculation\EWARM\Task Timing Calculation\Obj\stm32f7xx_hal_cortex.o"
#        "D:\FREERTOS\Task Timing Calculation\EWARM\Task Timing
#        Calculation\Obj\stm32f7xx_hal_dma.o" "D:\FREERTOS\Task Timing
#        Calculation\EWARM\Task Timing Calculation\Obj\stm32f7xx_hal_dma_ex.o"
#        "D:\FREERTOS\Task Timing Calculation\EWARM\Task Timing
#        Calculation\Obj\stm32f7xx_hal_exti.o" "D:\FREERTOS\Task Timing
#        Calculation\EWARM\Task Timing Calculation\Obj\stm32f7xx_hal_flash.o"
#        "D:\FREERTOS\Task Timing Calculation\EWARM\Task Timing
#        Calculation\Obj\stm32f7xx_hal_flash_ex.o" "D:\FREERTOS\Task Timing
#        Calculation\EWARM\Task Timing Calculation\Obj\stm32f7xx_hal_gpio.o"
#        "D:\FREERTOS\Task Timing Calculation\EWARM\Task Timing
#        Calculation\Obj\stm32f7xx_hal_i2c.o" "D:\FREERTOS\Task Timing
#        Calculation\EWARM\Task Timing Calculation\Obj\stm32f7xx_hal_i2c_ex.o"
#        "D:\FREERTOS\Task Timing Calculation\EWARM\Task Timing
#        Calculation\Obj\stm32f7xx_hal_msp.o" "D:\FREERTOS\Task Timing
#        Calculation\EWARM\Task Timing Calculation\Obj\stm32f7xx_hal_pwr.o"
#        "D:\FREERTOS\Task Timing Calculation\EWARM\Task Timing
#        Calculation\Obj\stm32f7xx_hal_pwr_ex.o" "D:\FREERTOS\Task Timing
#        Calculation\EWARM\Task Timing Calculation\Obj\stm32f7xx_hal_rcc.o"
#        "D:\FREERTOS\Task Timing Calculation\EWARM\Task Timing
#        Calculation\Obj\stm32f7xx_hal_rcc_ex.o" "D:\FREERTOS\Task Timing
#        Calculation\EWARM\Task Timing Calculation\Obj\stm32f7xx_hal_tim.o"
#        "D:\FREERTOS\Task Timing Calculation\EWARM\Task Timing
#        Calculation\Obj\stm32f7xx_hal_tim_ex.o" "D:\FREERTOS\Task Timing
#        Calculation\EWARM\Task Timing
#        Calculation\Obj\stm32f7xx_hal_timebase_tim.o" "D:\FREERTOS\Task Timing
#        Calculation\EWARM\Task Timing Calculation\Obj\stm32f7xx_hal_uart.o"
#        "D:\FREERTOS\Task Timing Calculation\EWARM\Task Timing
#        Calculation\Obj\stm32f7xx_hal_uart_ex.o" "D:\FREERTOS\Task Timing
#        Calculation\EWARM\Task Timing Calculation\Obj\stm32f7xx_it.o"
#        "D:\FREERTOS\Task Timing Calculation\EWARM\Task Timing
#        Calculation\Obj\stream_buffer.o" "D:\FREERTOS\Task Timing
#        Calculation\EWARM\Task Timing Calculation\Obj\system_stm32f7xx.o"
#        "D:\FREERTOS\Task Timing Calculation\EWARM\Task Timing
#        Calculation\Obj\tasks.o" "D:\FREERTOS\Task Timing
#        Calculation\EWARM\Task Timing Calculation\Obj\timers.o"
#        --no_out_extension -o "D:\FREERTOS\Task Timing Calculation\EWARM\Task
#        Timing Calculation\Exe\Task Timing Calculation.out" --redirect
#        _Printf=_PrintfFullNoMb --redirect _Scanf=_ScanfFullNoMb --map
#        "D:\FREERTOS\Task Timing Calculation\EWARM\Task Timing
#        Calculation\List\Task Timing Calculation.map" --config
#        "D:\FREERTOS\Task Timing Calculation\EWARM/stm32f750xx_flash.icf"
#        --semihosting --entry __iar_program_start --vfe --text_out locale)
#
###############################################################################

*******************************************************************************
*** RUNTIME MODEL ATTRIBUTES
***

CppFlavor       = *
__SystemLibrary = DLib
__dlib_version  = 6


*******************************************************************************
*** HEAP SELECTION
***

The basic heap was selected because no calls to memory allocation
functions were found in the application outside of system library
functions, and there are calls to deallocation functions in the
application.


*******************************************************************************
*** PLACEMENT SUMMARY
***

"A0":  place at address 0x800'0000 { ro section .intvec };
"P1":  place in [from 0x800'0000 to 0x800'ffff] { ro };
define block CSTACK with size = 1K, alignment = 8 { };
define block HEAP with size = 512, alignment = 8 { };
"P2":  place in [from 0x2000'0000 to 0x2004'ffff] {
          rw, block CSTACK, block HEAP };
initialize by copy { rw };

  Section            Kind         Address    Size  Object
  -------            ----         -------    ----  ------
"A0":                                       0x1c8
  .intvec            ro code   0x800'0000   0x1c8  startup_stm32f750xx.o [1]
                             - 0x800'01c8   0x1c8

"P1":                                      0x4e35
  .text              ro code   0x800'01c8   0xfc6  xprintffull_nomb.o [2]
  .text              ro code   0x800'118e    0x3a  zero_init3.o [4]
  .text              ro code   0x800'11c8    0x16  strchr.o [4]
  .text              ro code   0x800'11de    0x1a  xsnprout.o [2]
  .text              ro code   0x800'11f8    0x40  xfail_s.o [2]
  .text              ro code   0x800'1238    0x14  strlen_small.o [4]
  .text              ro code   0x800'124c    0x58  memchr.o [4]
  .text              ro code   0x800'12a4    0x18  ABImemcpy_small.o [4]
  .text              ro code   0x800'12bc    0x70  frexp.o [3]
  .text              ro code   0x800'132c    0x2e  DblCmpLe.o [3]
  .rodata            const     0x800'135a     0x2  xlocale_c.o [2]
  .text              ro code   0x800'135c    0x2e  DblCmpGe.o [3]
  .rodata            const     0x800'138a     0x1  xlocale_c.o [2]
  .text              ro code   0x800'138c   0x13a  ldexp.o [3]
  .text              ro code   0x800'14c8    0x3a  DblToS32.o [3]
  .text              ro code   0x800'1504    0x22  S32ToDbl.o [3]
  .text              ro code   0x800'1528    0xe2  DblSub.o [3]
  .text              ro code   0x800'160c   0x246  DblDiv.o [3]
  .text              ro code   0x800'1854    0x28  DblToU32.o [3]
  .text              ro code   0x800'187c    0x1a  U32ToDbl.o [3]
  .text              ro code   0x800'1898   0x1a2  DblMul.o [3]
  .text              ro code   0x800'1a3c     0x8  xlocale_c.o [2]
  .text              ro code   0x800'1a44   0x106  I64DivMod_small.o [4]
  .text              ro code   0x800'1b4a     0x6  abort.o [2]
  .text              ro code   0x800'1b50   0x16a  DblAdd.o [3]
  .text              ro code   0x800'1cbc     0x2  I64DivZer.o [4]
  .text              ro code   0x800'1cc0    0x14  exit.o [5]
  .text              ro code   0x800'1cd4   0x794  tasks.o [1]
  .text              ro code   0x800'2468   0x1bc  heap_4.o [1]
  .text              ro code   0x800'2624    0x3a  ABImemset48.o [4]
  .text              ro code   0x800'265e    0x94  list.o [1]
  .text              ro code   0x800'26f4   0x1e4  port.o [1]
  .text              ro code   0x800'28d8    0x2c  cmsis_os2.o [1]
  .text              ro code   0x800'2904   0x354  timers.o [1]
  CODE               ro code   0x800'2c58    0xb4  portasm.o [1]
  .text              ro code   0x800'2d0c   0x58c  queue.o [1]
  .text              ro code   0x800'3298   0x532  stm32f7xx_hal_uart.o [1]
  .text              ro code   0x800'37cc    0xf4  stm32f7xx_hal_msp.o [1]
  .text              ro code   0x800'38c0     0xc  stm32f7xx_hal.o [1]
  .text              ro code   0x800'38cc   0x508  stm32f7xx_hal_rcc.o [1]
  .text              ro code   0x800'3dd4    0x98  stm32f7xx_hal_cortex.o [1]
  .text              ro code   0x800'3e6c    0x14  memset.o [4]
  .text              ro code   0x800'3e80   0x460  stm32f7xx_hal_rcc_ex.o [1]
  .text              ro code   0x800'42e0   0x334  main.o [1]
  .text              ro code   0x800'4614   0x214  stm32f7xx_hal_gpio.o [1]
  .text              ro code   0x800'4828    0x78  stm32f7xx_hal_timebase_tim.o [1]
  .text              ro code   0x800'48a0    0x12  ABImemset_small.o [4]
  .text              ro code   0x800'48b4    0x44  snprintf.o [2]
  .text              ro code   0x800'48f8    0x16  stm32f7xx_hal.o [1]
  .text              ro code   0x800'4910     0x6  ABImemclr4.o [4]
  .text              ro code   0x800'4918    0x74  stm32f7xx_hal_pwr_ex.o [1]
  .text              ro code   0x800'498c    0x10  stm32f7xx_hal.o [1]
  .text              ro code   0x800'499c   0x32e  stm32f7xx_hal_tim.o [1]
  .text              ro code   0x800'4cca     0x2  stm32f7xx_hal_tim.o [1]
  .text              ro code   0x800'4ccc     0x2  stm32f7xx_hal_tim.o [1]
  .text              ro code   0x800'4cce     0x2  stm32f7xx_hal_tim_ex.o [1]
  .text              ro code   0x800'4cd0     0x2  stm32f7xx_hal_tim_ex.o [1]
  .text              ro code   0x800'4cd2     0x2  stm32f7xx_hal_tim.o [1]
  .text              ro code   0x800'4cd4     0x2  stm32f7xx_hal_tim_ex.o [1]
  .text              ro code   0x800'4cd6     0x2  stm32f7xx_hal_tim.o [1]
  .text              ro code   0x800'4cd8    0x38  packbits_init_single.o [4]
  .text              ro code   0x800'4d10    0x28  data_init.o [4]
  .rodata            const     0x800'4d38    0x24  main.o [1]
  .text              ro code   0x800'4d5c    0x22  fpinit_M.o [3]
  .iar.init_table    const     0x800'4d80    0x20  - Linker created -
  .text              ro code   0x800'4da0    0x20  system_stm32f7xx.o [1]
  .text              ro code   0x800'4dc0    0x1e  cmain.o [4]
  .text              ro code   0x800'4dde     0x4  low_level_init.o [2]
  .text              ro code   0x800'4de2     0x4  exit.o [2]
  .text              ro code   0x800'4de8     0xa  cexit.o [4]
  .text              ro code   0x800'4df4    0x18  stm32f7xx_it.o [1]
  .text              ro code   0x800'4e0c    0x10  startup_stm32f750xx.o [1]
  .text              ro code   0x800'4e1c     0xc  cstartup_M.o [4]
  .rodata            const     0x800'4e28     0x8  system_stm32f7xx.o [1]
  .rodata            const     0x800'4e30     0x8  xprintffull_nomb.o [2]
  .text              ro code   0x800'4e38     0x4  startup_stm32f750xx.o [1]
  .text              ro code   0x800'4e3c     0x4  startup_stm32f750xx.o [1]
  .text              ro code   0x800'4e40     0x4  startup_stm32f750xx.o [1]
  .text              ro code   0x800'4e44     0x4  startup_stm32f750xx.o [1]
  .text              ro code   0x800'4e48     0x4  startup_stm32f750xx.o [1]
  .text              ro code   0x800'4e4c     0x4  startup_stm32f750xx.o [1]
  .text              ro code   0x800'4e50     0x4  startup_stm32f750xx.o [1]
  .text              ro code   0x800'4e54     0x4  startup_stm32f750xx.o [1]
  .text              ro code   0x800'4e58     0x4  startup_stm32f750xx.o [1]
  .text              ro code   0x800'4e5c     0x4  startup_stm32f750xx.o [1]
  .text              ro code   0x800'4e60     0x4  startup_stm32f750xx.o [1]
  .text              ro code   0x800'4e64     0x4  startup_stm32f750xx.o [1]
  .text              ro code   0x800'4e68     0x4  startup_stm32f750xx.o [1]
  .text              ro code   0x800'4e6c     0x4  startup_stm32f750xx.o [1]
  .text              ro code   0x800'4e70     0x4  startup_stm32f750xx.o [1]
  .text              ro code   0x800'4e74     0x4  startup_stm32f750xx.o [1]
  .text              ro code   0x800'4e78     0x4  startup_stm32f750xx.o [1]
  .text              ro code   0x800'4e7c     0x4  startup_stm32f750xx.o [1]
  .text              ro code   0x800'4e80     0x4  startup_stm32f750xx.o [1]
  .text              ro code   0x800'4e84     0x4  startup_stm32f750xx.o [1]
  .text              ro code   0x800'4e88     0x4  startup_stm32f750xx.o [1]
  .text              ro code   0x800'4e8c     0x4  startup_stm32f750xx.o [1]
  .text              ro code   0x800'4e90     0x4  startup_stm32f750xx.o [1]
  .text              ro code   0x800'4e94     0x4  startup_stm32f750xx.o [1]
  .text              ro code   0x800'4e98     0x4  startup_stm32f750xx.o [1]
  .text              ro code   0x800'4e9c     0x4  startup_stm32f750xx.o [1]
  .text              ro code   0x800'4ea0     0x4  startup_stm32f750xx.o [1]
  .text              ro code   0x800'4ea4     0x4  startup_stm32f750xx.o [1]
  .text              ro code   0x800'4ea8     0x4  startup_stm32f750xx.o [1]
  .text              ro code   0x800'4eac     0x4  startup_stm32f750xx.o [1]
  .text              ro code   0x800'4eb0     0x4  startup_stm32f750xx.o [1]
  .text              ro code   0x800'4eb4     0x4  startup_stm32f750xx.o [1]
  .text              ro code   0x800'4eb8     0x4  startup_stm32f750xx.o [1]
  .text              ro code   0x800'4ebc     0x4  startup_stm32f750xx.o [1]
  .text              ro code   0x800'4ec0     0x4  startup_stm32f750xx.o [1]
  .text              ro code   0x800'4ec4     0x4  startup_stm32f750xx.o [1]
  .text              ro code   0x800'4ec8     0x4  startup_stm32f750xx.o [1]
  .text              ro code   0x800'4ecc     0x4  startup_stm32f750xx.o [1]
  .text              ro code   0x800'4ed0     0x4  startup_stm32f750xx.o [1]
  .text              ro code   0x800'4ed4     0x4  startup_stm32f750xx.o [1]
  .text              ro code   0x800'4ed8     0x4  startup_stm32f750xx.o [1]
  .text              ro code   0x800'4edc     0x4  startup_stm32f750xx.o [1]
  .text              ro code   0x800'4ee0     0x4  startup_stm32f750xx.o [1]
  .text              ro code   0x800'4ee4     0x4  startup_stm32f750xx.o [1]
  .text              ro code   0x800'4ee8     0x4  startup_stm32f750xx.o [1]
  .text              ro code   0x800'4eec     0x4  startup_stm32f750xx.o [1]
  .text              ro code   0x800'4ef0     0x4  startup_stm32f750xx.o [1]
  .text              ro code   0x800'4ef4     0x4  startup_stm32f750xx.o [1]
  .text              ro code   0x800'4ef8     0x4  startup_stm32f750xx.o [1]
  .text              ro code   0x800'4efc     0x4  startup_stm32f750xx.o [1]
  .text              ro code   0x800'4f00     0x4  startup_stm32f750xx.o [1]
  .text              ro code   0x800'4f04     0x4  startup_stm32f750xx.o [1]
  .text              ro code   0x800'4f08     0x4  startup_stm32f750xx.o [1]
  .text              ro code   0x800'4f0c     0x4  startup_stm32f750xx.o [1]
  .text              ro code   0x800'4f10     0x4  startup_stm32f750xx.o [1]
  .text              ro code   0x800'4f14     0x4  startup_stm32f750xx.o [1]
  .text              ro code   0x800'4f18     0x4  startup_stm32f750xx.o [1]
  .text              ro code   0x800'4f1c     0x4  startup_stm32f750xx.o [1]
  .text              ro code   0x800'4f20     0x4  startup_stm32f750xx.o [1]
  .text              ro code   0x800'4f24     0x4  startup_stm32f750xx.o [1]
  .text              ro code   0x800'4f28     0x4  startup_stm32f750xx.o [1]
  .text              ro code   0x800'4f2c     0x4  startup_stm32f750xx.o [1]
  .text              ro code   0x800'4f30     0x4  startup_stm32f750xx.o [1]
  .text              ro code   0x800'4f34     0x4  startup_stm32f750xx.o [1]
  .text              ro code   0x800'4f38     0x4  startup_stm32f750xx.o [1]
  .text              ro code   0x800'4f3c     0x4  startup_stm32f750xx.o [1]
  .text              ro code   0x800'4f40     0x4  startup_stm32f750xx.o [1]
  .text              ro code   0x800'4f44     0x4  startup_stm32f750xx.o [1]
  .text              ro code   0x800'4f48     0x4  startup_stm32f750xx.o [1]
  .text              ro code   0x800'4f4c     0x4  startup_stm32f750xx.o [1]
  .text              ro code   0x800'4f50     0x4  startup_stm32f750xx.o [1]
  .text              ro code   0x800'4f54     0x4  startup_stm32f750xx.o [1]
  .text              ro code   0x800'4f58     0x4  startup_stm32f750xx.o [1]
  .text              ro code   0x800'4f5c     0x4  startup_stm32f750xx.o [1]
  .text              ro code   0x800'4f60     0x4  startup_stm32f750xx.o [1]
  .text              ro code   0x800'4f64     0x4  startup_stm32f750xx.o [1]
  .text              ro code   0x800'4f68     0x4  startup_stm32f750xx.o [1]
  .text              ro code   0x800'4f6c     0x4  startup_stm32f750xx.o [1]
  .text              ro code   0x800'4f70     0x4  startup_stm32f750xx.o [1]
  .text              ro code   0x800'4f74     0x4  startup_stm32f750xx.o [1]
  .text              ro code   0x800'4f78     0x4  startup_stm32f750xx.o [1]
  .text              ro code   0x800'4f7c     0x4  startup_stm32f750xx.o [1]
  .text              ro code   0x800'4f80     0x4  startup_stm32f750xx.o [1]
  .text              ro code   0x800'4f84     0x4  startup_stm32f750xx.o [1]
  .text              ro code   0x800'4f88     0x4  startup_stm32f750xx.o [1]
  .text              ro code   0x800'4f8c     0x4  startup_stm32f750xx.o [1]
  .text              ro code   0x800'4f90     0x4  startup_stm32f750xx.o [1]
  .text              ro code   0x800'4f94     0x4  startup_stm32f750xx.o [1]
  .text              ro code   0x800'4f98     0x4  startup_stm32f750xx.o [1]
  .text              ro code   0x800'4f9c     0x4  startup_stm32f750xx.o [1]
  .text              ro code   0x800'4fa0     0x4  startup_stm32f750xx.o [1]
  .text              ro code   0x800'4fa4     0x4  startup_stm32f750xx.o [1]
  .text              ro code   0x800'4fa8     0x4  startup_stm32f750xx.o [1]
  .text              ro code   0x800'4fac     0x4  startup_stm32f750xx.o [1]
  .text              ro code   0x800'4fb0     0x4  startup_stm32f750xx.o [1]
  .text              ro code   0x800'4fb4     0x4  startup_stm32f750xx.o [1]
  .text              ro code   0x800'4fb8     0x4  startup_stm32f750xx.o [1]
  .rodata            const     0x800'4fbc     0x0  zero_init3.o [4]
  .rodata            const     0x800'4fbc     0x0  packbits_init_single.o [4]
  Initializer bytes  const     0x800'4fbc    0x41  <for P2-1>
                             - 0x800'4ffd  0x4e35

"P2", part 1 of 3:                           0x54
  P2-1                        0x2000'0000    0x54  <Init block>
    .data            inited   0x2000'0000     0xc  port.o [1]
    .data            inited   0x2000'000c     0xc  stm32f7xx_hal.o [1]
    .data            inited   0x2000'0018     0x4  system_stm32f7xx.o [1]
    .data            inited   0x2000'001c    0x38  xlocale_c.o [2]
                            - 0x2000'0054    0x54

"P2", part 2 of 3:                         0x4a18
  .bss               zero     0x2000'0054  0x3c18  heap_4.o [1]
  .bss               zero     0x2000'3c6c   0x460  tasks.o [1]
  .bss               zero     0x2000'40cc   0x45c  cmsis_os2.o [1]
  .bss               zero     0x2000'4528   0x25c  cmsis_os2.o [1]
  .bss               zero     0x2000'4784   0x12c  timers.o [1]
  .bss               zero     0x2000'48b0    0x9c  tasks.o [1]
  .bss               zero     0x2000'494c    0x84  main.o [1]
  .bss               zero     0x2000'49d0    0x4c  stm32f7xx_hal_timebase_tim.o [1]
  .bss               zero     0x2000'4a1c    0x40  queue.o [1]
  .bss               zero     0x2000'4a5c     0xc  main.o [1]
  .bss               zero     0x2000'4a68     0x4  xfail_s.o [2]
                            - 0x2000'4a6c  0x4a18

"P2", part 3 of 3:                          0x400
  CSTACK                      0x2000'4a70   0x400  <Block>
    CSTACK           uninit   0x2000'4a70   0x400  <Block tail>
                            - 0x2000'4e70   0x400

Unused ranges:

         From           To      Size
         ----           --      ----
   0x800'4ffd   0x800'ffff    0xb003
  0x2000'4a6c  0x2000'4a6f       0x4
  0x2000'4e70  0x2004'ffff  0x4'b190


*******************************************************************************
*** INIT TABLE
***

          Address      Size
          -------      ----
Zero (__iar_zero_init3)
    1 destination range, total size 0x4a18:
          0x2000'0054  0x4a18

Copy/packbits (__iar_packbits_init_single3)
    1 source range, total size 0x41 (77% of destination):
           0x800'4fbc    0x41
    1 destination range, total size 0x54:
          0x2000'0000    0x54



*******************************************************************************
*** MODULE SUMMARY
***

    Module                        ro code  ro data  rw data
    ------                        -------  -------  -------
command line/config:
    -------------------------------------------------------
    Total:

D:\FREERTOS\Task Timing Calculation\EWARM\Task Timing Calculation\Obj: [1]
    cmsis_os2.o                        44             1'720
    heap_4.o                          444            15'384
    list.o                            148
    main.o                            820       36      144
    port.o                            484        9       12
    portasm.o                         180
    queue.o                         1'420                64
    startup_stm32f750xx.o             860
    stm32f7xx_hal.o                    50        9       12
    stm32f7xx_hal_cortex.o            152
    stm32f7xx_hal_gpio.o              532
    stm32f7xx_hal_msp.o               244
    stm32f7xx_hal_pwr_ex.o            116
    stm32f7xx_hal_rcc.o             1'288
    stm32f7xx_hal_rcc_ex.o          1'120
    stm32f7xx_hal_tim.o               822
    stm32f7xx_hal_tim_ex.o              6
    stm32f7xx_hal_timebase_tim.o      120                76
    stm32f7xx_hal_uart.o            1'330
    stm32f7xx_it.o                     24
    system_stm32f7xx.o                 32       11        4
    tasks.o                         1'940             1'276
    timers.o                          852               300
    -------------------------------------------------------
    Total:                         13'028       65   18'992

dl7M_tlf.a: [2]
    abort.o                             6
    exit.o                              4
    low_level_init.o                    4
    snprintf.o                         68
    xfail_s.o                          64                 4
    xlocale_c.o                         8       47       56
    xprintffull_nomb.o              4'038        8
    xsnprout.o                         26
    -------------------------------------------------------
    Total:                          4'218       55       60

m7M_tls.a: [3]
    DblAdd.o                          362
    DblCmpGe.o                         46
    DblCmpLe.o                         46
    DblDiv.o                          582
    DblMul.o                          418
    DblSub.o                          226
    DblToS32.o                         58
    DblToU32.o                         40
    S32ToDbl.o                         34
    U32ToDbl.o                         26
    fpinit_M.o                         34
    frexp.o                           112
    ldexp.o                           314
    -------------------------------------------------------
    Total:                          2'298

rt7M_tl.a: [4]
    ABImemclr4.o                        6
    ABImemcpy_small.o                  24
    ABImemset48.o                      58
    ABImemset_small.o                  18
    I64DivMod_small.o                 262
    I64DivZer.o                         2
    cexit.o                            10
    cmain.o                            30
    cstartup_M.o                       12
    data_init.o                        40
    memchr.o                           88
    memset.o                           20
    packbits_init_single.o             56
    strchr.o                           22
    strlen_small.o                     20
    zero_init3.o                       58
    -------------------------------------------------------
    Total:                            726

shb_l.a: [5]
    exit.o                             20
    -------------------------------------------------------
    Total:                             20

    Gaps                               33        2
    Linker created                              32    1'024
-----------------------------------------------------------
    Grand Total:                   20'323      154   20'076


*******************************************************************************
*** ENTRY LIST
***

Entry                       Address    Size  Type      Object
-----                       -------    ----  ----      ------
.iar.init_table$$Base    0x800'4d80           --   Gb  - Linker created -
.iar.init_table$$Limit   0x800'4da0           --   Gb  - Linker created -
?main                    0x800'4dc1          Code  Gb  cmain.o [4]
AHBPrescTable            0x800'4db0    0x10  Data  Gb  system_stm32f7xx.o [1]
APBPrescTable            0x800'4e28     0x8  Data  Gb  system_stm32f7xx.o [1]
BusFault_Handler         0x800'4dfb     0x2  Code  Gb  stm32f7xx_it.o [1]
CSTACK$$Base            0x2000'4a70           --   Gb  - Linker created -
CSTACK$$Limit           0x2000'4e70           --   Gb  - Linker created -
DebugMon_Handler         0x800'4dff     0x2  Code  Gb  stm32f7xx_it.o [1]
Error_Handler            0x800'45c9     0x4  Code  Gb  main.o [1]
HAL_GPIO_Init            0x800'4615   0x1d6  Code  Gb  stm32f7xx_hal_gpio.o [1]
HAL_GPIO_WritePin        0x800'47eb     0x8  Code  Gb  stm32f7xx_hal_gpio.o [1]
HAL_GetTick              0x800'38c1     0xc  Code  Wk  stm32f7xx_hal.o [1]
HAL_IncTick              0x800'498d    0x10  Code  Wk  stm32f7xx_hal.o [1]
HAL_Init                 0x800'48f9    0x16  Code  Gb  stm32f7xx_hal.o [1]
HAL_InitTick             0x800'4829    0x68  Code  Gb  stm32f7xx_hal_timebase_tim.o [1]
HAL_MspInit              0x800'37cd    0x36  Code  Gb  stm32f7xx_hal_msp.o [1]
HAL_NVIC_EnableIRQ       0x800'3e43    0x16  Code  Gb  stm32f7xx_hal_cortex.o [1]
HAL_NVIC_SetPriority     0x800'3e09    0x3a  Code  Gb  stm32f7xx_hal_cortex.o [1]
HAL_NVIC_SetPriorityGrouping
                         0x800'3def    0x1a  Code  Gb  stm32f7xx_hal_cortex.o [1]
HAL_PWREx_EnableOverDrive
                         0x800'4919    0x46  Code  Gb  stm32f7xx_hal_pwr_ex.o [1]
HAL_RCCEx_PeriphCLKConfig
                         0x800'3e81   0x428  Code  Gb  stm32f7xx_hal_rcc_ex.o [1]
HAL_RCC_ClockConfig      0x800'3bf3    0xfa  Code  Gb  stm32f7xx_hal_rcc.o [1]
HAL_RCC_GetClockConfig   0x800'3d71    0x36  Code  Gb  stm32f7xx_hal_rcc.o [1]
HAL_RCC_GetPCLK1Freq     0x800'3d4d    0x10  Code  Gb  stm32f7xx_hal_rcc.o [1]
HAL_RCC_GetPCLK2Freq     0x800'3d5d     0xe  Code  Gb  stm32f7xx_hal_rcc.o [1]
HAL_RCC_GetSysClockFreq
                         0x800'3d01    0x4c  Code  Gb  stm32f7xx_hal_rcc.o [1]
HAL_RCC_OscConfig        0x800'38cd   0x326  Code  Gb  stm32f7xx_hal_rcc.o [1]
HAL_TIMEx_Break2Callback
                         0x800'4cd1     0x2  Code  Wk  stm32f7xx_hal_tim_ex.o [1]
HAL_TIMEx_BreakCallback
                         0x800'4ccf     0x2  Code  Wk  stm32f7xx_hal_tim_ex.o [1]
HAL_TIMEx_CommutCallback
                         0x800'4cd5     0x2  Code  Wk  stm32f7xx_hal_tim_ex.o [1]
HAL_TIM_Base_Init        0x800'499d    0x1a  Code  Gb  stm32f7xx_hal_tim.o [1]
HAL_TIM_Base_Start_IT    0x800'49b7    0x84  Code  Gb  stm32f7xx_hal_tim.o [1]
HAL_TIM_IRQHandler       0x800'4a95   0x15c  Code  Gb  stm32f7xx_hal_tim.o [1]
HAL_TIM_PeriodElapsedCallback
                         0x800'4573     0xe  Code  Gb  main.o [1]
HAL_UART_Init            0x800'3299    0x38  Code  Gb  stm32f7xx_hal_uart.o [1]
HAL_UART_MspInit         0x800'3803    0xa8  Code  Gb  stm32f7xx_hal_msp.o [1]
HAL_UART_Transmit        0x800'3313    0xb8  Code  Gb  stm32f7xx_hal_uart.o [1]
HardFault_Handler        0x800'4df7     0x2  Code  Gb  stm32f7xx_it.o [1]
Idle_Stack              0x2000'4584   0x200  Data  Lc  cmsis_os2.o [1]
Idle_TCB                0x2000'4528    0x5c  Data  Lc  cmsis_os2.o [1]
MemManage_Handler        0x800'4df9     0x2  Code  Gb  stm32f7xx_it.o [1]
NMI_Handler              0x800'4df5     0x2  Code  Gb  stm32f7xx_it.o [1]
PendSV_Handler           0x800'2c59          Code  Gb  portasm.o [1]
Region$$Table$$Base      0x800'4d80           --   Gb  - Linker created -
Region$$Table$$Limit     0x800'4da0           --   Gb  - Linker created -
SVC_Handler              0x800'2cb5          Code  Gb  portasm.o [1]
SysTick_Handler          0x800'2837    0x1c  Code  Gb  port.o [1]
SystemClock_Config       0x800'44d1    0xa2  Code  Gb  main.o [1]
SystemCoreClock         0x2000'0018     0x4  Data  Gb  system_stm32f7xx.o [1]
SystemInit               0x800'4da1     0xc  Code  Gb  system_stm32f7xx.o [1]
TIM1_UP_TIM10_IRQHandler
                         0x800'4e01     0x6  Code  Gb  stm32f7xx_it.o [1]
TIM_Base_SetConfig       0x800'4bf7    0xa4  Code  Gb  stm32f7xx_hal_tim.o [1]
Task1                    0x800'4399     0xe  Code  Gb  main.o [1]
Task2                    0x800'43a9     0xe  Code  Gb  main.o [1]
Task3                    0x800'43b9     0xe  Code  Gb  main.o [1]
Task4                    0x800'43cd     0xe  Code  Gb  main.o [1]
Timer_Stack             0x2000'4128   0x400  Data  Lc  cmsis_os2.o [1]
Timer_TCB               0x2000'40cc    0x5c  Data  Lc  cmsis_os2.o [1]
UART_AdvFeatureConfig    0x800'35f5    0xc8  Code  Gb  stm32f7xx_hal_uart.o [1]
UART_CheckIdleState      0x800'36bd    0x42  Code  Gb  stm32f7xx_hal_uart.o [1]
UART_SetConfig           0x800'33d5   0x1f4  Code  Gb  stm32f7xx_hal_uart.o [1]
UART_WaitOnFlagUntilTimeout
                         0x800'36ff    0x92  Code  Gb  stm32f7xx_hal_uart.o [1]
UsageFault_Handler       0x800'4dfd     0x2  Code  Gb  stm32f7xx_it.o [1]
_LitobFullNoMb           0x800'0f89   0x10a  Code  Lc  xprintffull_nomb.o [2]
_Locale_lconv           0x2000'001c    0x38  Data  Lc  xlocale_c.o [2]
_PrintfFullNoMb          0x800'01c9   0xd9c  Code  Gb  xprintffull_nomb.o [2]
_PutcharFullNoMb         0x800'10f9    0x20  Code  Lc  xprintffull_nomb.o [2]
_PutcharsFullNoMb        0x800'1119    0x2e  Code  Lc  xprintffull_nomb.o [2]
_SNProut                 0x800'11df    0x1a  Code  Gb  xsnprout.o [2]
__NVIC_SetPriority       0x800'3dd5    0x1a  Code  Lc  stm32f7xx_hal_cortex.o [1]
__aeabi_cdcmple          0x800'132d          Code  Gb  DblCmpLe.o [3]
__aeabi_cdrcmple         0x800'135d          Code  Gb  DblCmpGe.o [3]
__aeabi_d2iz             0x800'14c9          Code  Gb  DblToS32.o [3]
__aeabi_d2uiz            0x800'1855          Code  Gb  DblToU32.o [3]
__aeabi_ddiv             0x800'160d          Code  Gb  DblDiv.o [3]
__aeabi_dmul             0x800'1899          Code  Gb  DblMul.o [3]
__aeabi_dsub             0x800'1529          Code  Gb  DblSub.o [3]
__aeabi_i2d              0x800'1505          Code  Gb  S32ToDbl.o [3]
__aeabi_ldiv0            0x800'1cbd          Code  Gb  I64DivZer.o [4]
__aeabi_memclr4          0x800'4911          Code  Gb  ABImemclr4.o [4]
__aeabi_memset4          0x800'2625          Code  Gb  ABImemset48.o [4]
__aeabi_memset8          0x800'2625          Code  Gb  ABImemset48.o [4]
__aeabi_ui2d             0x800'187d          Code  Gb  U32ToDbl.o [3]
__cmain                  0x800'4dc1          Code  Gb  cmain.o [4]
__exit                   0x800'1cc1    0x14  Code  Gb  exit.o [5]
__iar_Fail_s             0x800'11f9    0x1c  Code  Gb  xfail_s.o [2]
__iar_Memchr             0x800'124d          Code  Gb  memchr.o [4]
__iar_Memset4_word       0x800'262d          Code  Gb  ABImemset48.o [4]
__iar_Memset8_word       0x800'262d          Code  Gb  ABImemset48.o [4]
__iar_Strchr             0x800'11c9          Code  Gb  strchr.o [4]
__iar_dadd               0x800'1539          Code  Gb  DblSub.o [3]
__iar_data_init3         0x800'4d11    0x28  Code  Gb  data_init.o [4]
__iar_dsub               0x800'1b51          Code  Gb  DblAdd.o [3]
__iar_dsubStart          0x800'1b63          Code  Gb  DblAdd.o [3]
__iar_frexp              0x800'12c9          Code  Gb  frexp.o [3]
__iar_frexpl             0x800'12c9          Code  Gb  frexp.o [3]
__iar_init_vfp           0x800'4d5d          Code  Gb  fpinit_M.o [3]
__iar_ldexp64            0x800'138d          Code  Gb  ldexp.o [3]
__iar_packbits_init_single3
                         0x800'4cd9    0x38  Code  Gb  packbits_init_single.o [4]
__iar_program_start      0x800'4e1d          Code  Gb  cstartup_M.o [4]
__iar_scalbln64          0x800'138d          Code  Gb  ldexp.o [3]
__iar_scalbn64           0x800'138d          Code  Gb  ldexp.o [3]
__iar_small_Memcpy       0x800'12a9          Code  Gb  ABImemcpy_small.o [4]
__iar_small_Memset       0x800'48a1          Code  Gb  ABImemset_small.o [4]
__iar_small_Memset_word
                         0x800'48a1          Code  Gb  ABImemset_small.o [4]
__iar_small_memcpy       0x800'12a5          Code  Gb  ABImemcpy_small.o [4]
__iar_small_memcpy4      0x800'12a5          Code  Gb  ABImemcpy_small.o [4]
__iar_small_memcpy8      0x800'12a5          Code  Gb  ABImemcpy_small.o [4]
__iar_small_memset       0x800'48a1          Code  Gb  ABImemset_small.o [4]
__iar_small_strlen       0x800'1239          Code  Gb  strlen_small.o [4]
__iar_small_uldivmod     0x800'1a45          Code  Gb  I64DivMod_small.o [4]
__iar_softfp___iar_frexp64
                         0x800'12bd          Code  Gb  frexp.o [3]
__iar_softfp_frexp       0x800'12bd          Code  Gb  frexp.o [3]
__iar_softfp_frexpl      0x800'12bd          Code  Gb  frexp.o [3]
__iar_zero_init3         0x800'118f    0x3a  Code  Gb  zero_init3.o [4]
__low_level_init         0x800'4ddf     0x4  Code  Gb  low_level_init.o [2]
__vector_table           0x800'0000          Data  Gb  startup_stm32f750xx.o [1]
_call_main               0x800'4dcd          Code  Gb  cmain.o [4]
_exit                    0x800'4de9          Code  Gb  cexit.o [4]
_main                    0x800'4ddb          Code  Gb  cmain.o [4]
abort                    0x800'1b4b     0x6  Code  Gb  abort.o [2]
counter1                0x2000'4a5c     0x4  Data  Gb  main.o [1]
counter2                0x2000'4a60     0x4  Data  Gb  main.o [1]
exit                     0x800'4de3     0x4  Code  Gb  exit.o [2]
htim1                   0x2000'49d0    0x4c  Data  Gb  stm32f7xx_hal_timebase_tim.o [1]
huart1                  0x2000'494c    0x84  Data  Gb  main.o [1]
ldexp                    0x800'138d          Code  Gb  ldexp.o [3]
ldexpl                   0x800'138d          Code  Gb  ldexp.o [3]
localeconv               0x800'1a3d     0x4  Code  Gb  xlocale_c.o [2]
main                     0x800'43dd    0xe6  Code  Gb  main.o [1]
memchr                   0x800'124d          Code  Gb  memchr.o [4]
memset                   0x800'3e6d    0x14  Code  Gb  memset.o [4]
profile_task             0x800'42fd    0x2e  Code  Gb  main.o [1]
prvAddCurrentTaskToDelayedList
                         0x800'23fd    0x4e  Code  Lc  tasks.o [1]
prvAddNewTaskToReadyList
                         0x800'1e21    0xb0  Code  Lc  tasks.o [1]
prvCheckForValidListAndQueue
                         0x800'2bf1    0x4e  Code  Lc  timers.o [1]
prvCheckForValidListAndQueue{1}{2}{3}{4}::ucStaticTimerQueueStorage
                        0x2000'4810    0xa0  Data  Lc  timers.o [1]
prvCheckForValidListAndQueue{1}{2}{3}{4}::xStaticTimerQueue
                        0x2000'47c0    0x50  Data  Lc  timers.o [1]
prvCopyDataFromQueue     0x800'3183    0x26  Code  Lc  queue.o [1]
prvCopyDataToQueue       0x800'311b    0x68  Code  Lc  queue.o [1]
prvDeleteTCB             0x800'22ff    0x2a  Code  Lc  tasks.o [1]
prvIdleTask              0x800'22b5    0x4a  Code  Lc  tasks.o [1]
prvInitialiseNewQueue    0x800'2ddb    0x1e  Code  Lc  queue.o [1]
prvInitialiseNewTask     0x800'1d95    0x8c  Code  Lc  tasks.o [1]
prvInsertBlockIntoFreeList
                         0x800'25d9    0x46  Code  Lc  heap_4.o [1]
prvInsertTimerInActiveList
                         0x800'2bbd    0x34  Code  Lc  timers.o [1]
prvIsQueueEmpty          0x800'3211    0x16  Code  Lc  queue.o [1]
prvResetNextTaskUnblockTime
                         0x800'2329    0x1c  Code  Lc  tasks.o [1]
prvSampleTimeNow         0x800'2b2f    0x7a  Code  Lc  timers.o [1]
prvSampleTimeNow::xLastTime
                        0x2000'4794     0x4  Data  Lc  timers.o [1]
prvTaskExitError         0x800'271d    0x20  Code  Lc  port.o [1]
prvTimerTask             0x800'29a1   0x18e  Code  Lc  timers.o [1]
prvUnlockQueue           0x800'31a9    0x68  Code  Lc  queue.o [1]
pvPortMalloc             0x800'2469   0x106  Code  Gb  heap_4.o [1]
pxCurrentTCB            0x2000'48d8     0x4  Data  Gb  tasks.o [1]
pxCurrentTimerList      0x2000'4784     0x4  Data  Lc  timers.o [1]
pxDelayedTaskList       0x2000'48dc     0x4  Data  Lc  tasks.o [1]
pxEnd                   0x2000'005c     0x4  Data  Lc  heap_4.o [1]
pxOverflowDelayedTaskList
                        0x2000'48e0     0x4  Data  Lc  tasks.o [1]
pxOverflowTimerList     0x2000'4788     0x4  Data  Lc  timers.o [1]
pxPortInitialiseStack    0x800'26f5    0x26  Code  Gb  port.o [1]
pxReadyTasksLists       0x2000'3c6c   0x460  Data  Lc  tasks.o [1]
result                  0x2000'4a64     0x4  Data  Gb  main.o [1]
scalbln                  0x800'138d          Code  Gb  ldexp.o [3]
scalblnl                 0x800'138d          Code  Gb  ldexp.o [3]
scalbn                   0x800'138d          Code  Gb  ldexp.o [3]
scalbnl                  0x800'138d          Code  Gb  ldexp.o [3]
scale                    0x800'1093    0x46  Code  Lc  xprintffull_nomb.o [2]
sec_hand                0x2000'4a68     0x4  Data  Lc  xfail_s.o [2]
snprintf                 0x800'48b5    0x44  Code  Gb  snprintf.o [2]
strchr                   0x800'11c9          Code  Gb  strchr.o [4]
task1_logic              0x800'432b    0x16  Code  Gb  main.o [1]
task2_logic              0x800'4341    0x18  Code  Gb  main.o [1]
task3_logic              0x800'4361    0x12  Code  Gb  main.o [1]
task4_logic              0x800'4373    0x1a  Code  Gb  main.o [1]
uart_print               0x800'42e1    0x1a  Code  Gb  main.o [1]
ucHeap                  0x2000'006c  0x3c00  Data  Lc  heap_4.o [1]
ucMaxSysCallPriority    0x2000'0000     0x1  Data  Lc  port.o [1]
ulMaxPRIGROUPValue      0x2000'0008     0x4  Data  Lc  port.o [1]
uwTick                  0x2000'0010     0x4  Data  Gb  stm32f7xx_hal.o [1]
uwTickFreq              0x2000'000c     0x1  Data  Gb  stm32f7xx_hal.o [1]
uwTickPrio              0x2000'0014     0x4  Data  Gb  stm32f7xx_hal.o [1]
uxCriticalNesting       0x2000'0004     0x4  Data  Lc  port.o [1]
uxCurrentNumberOfTasks  0x2000'48fc     0x4  Data  Lc  tasks.o [1]
uxDeletedTasksWaitingCleanUp
                        0x2000'48e4     0x4  Data  Lc  tasks.o [1]
uxListRemove             0x800'26cb    0x28  Code  Gb  list.o [1]
uxPendedTicks           0x2000'490c     0x4  Data  Lc  tasks.o [1]
uxSchedulerSuspended    0x2000'4920     0x4  Data  Lc  tasks.o [1]
uxTaskNumber            0x2000'4918     0x4  Data  Lc  tasks.o [1]
uxTopReadyPriority      0x2000'4904     0x4  Data  Lc  tasks.o [1]
vApplicationGetIdleTaskMemory
                         0x800'28d9    0x10  Code  Gb  cmsis_os2.o [1]
vApplicationGetTimerTaskMemory
                         0x800'28e9    0x12  Code  Gb  cmsis_os2.o [1]
vListInitialise          0x800'265f    0x1a  Code  Gb  list.o [1]
vListInitialiseItem      0x800'2679     0x6  Code  Gb  list.o [1]
vListInsert              0x800'2699    0x32  Code  Gb  list.o [1]
vListInsertEnd           0x800'267f    0x1a  Code  Gb  list.o [1]
vPortEnableVFP           0x800'2cf1          Code  Gb  portasm.o [1]
vPortEnterCritical       0x800'27d7    0x3a  Code  Gb  port.o [1]
vPortExitCritical        0x800'2811    0x26  Code  Gb  port.o [1]
vPortFree                0x800'2581    0x46  Code  Gb  heap_4.o [1]
vPortStartFirstTask      0x800'2cd1          Code  Gb  portasm.o [1]
vPortValidateInterruptPriority
                         0x800'2855    0x40  Code  Gb  port.o [1]
vQueueAddToRegistry      0x800'3227    0x20  Code  Gb  queue.o [1]
vQueueWaitForMessageRestricted
                         0x800'3251    0x48  Code  Gb  queue.o [1]
vTaskDelay               0x800'1eef    0x2a  Code  Gb  tasks.o [1]
vTaskInternalSetTimeOutState
                         0x800'222b     0xe  Code  Gb  tasks.o [1]
vTaskMissedYield         0x800'22a9     0xa  Code  Gb  tasks.o [1]
vTaskPlaceOnEventList    0x800'2177    0x20  Code  Gb  tasks.o [1]
vTaskPlaceOnEventListRestricted
                         0x800'2197    0x20  Code  Gb  tasks.o [1]
vTaskStartScheduler      0x800'1f41    0x66  Code  Gb  tasks.o [1]
vTaskSuspendAll          0x800'1fb9     0xc  Code  Gb  tasks.o [1]
vTaskSwitchContext       0x800'212b    0x4c  Code  Gb  tasks.o [1]
xActiveTimerList1       0x2000'4798    0x14  Data  Lc  timers.o [1]
xActiveTimerList2       0x2000'47ac    0x14  Data  Lc  timers.o [1]
xBlockAllocatedBit      0x2000'0068     0x4  Data  Lc  heap_4.o [1]
xDelayedTaskList1       0x2000'4924    0x14  Data  Lc  tasks.o [1]
xDelayedTaskList2       0x2000'4938    0x14  Data  Lc  tasks.o [1]
xFreeBytesRemaining     0x2000'0060     0x4  Data  Lc  heap_4.o [1]
xMinimumEverFreeBytesRemaining
                        0x2000'0064     0x4  Data  Lc  heap_4.o [1]
xNextTaskUnblockTime    0x2000'491c     0x4  Data  Lc  tasks.o [1]
xNumOfOverflows         0x2000'4914     0x4  Data  Lc  tasks.o [1]
xPendingReadyList       0x2000'48b0    0x14  Data  Lc  tasks.o [1]
xPortStartScheduler      0x800'273d    0x86  Code  Gb  port.o [1]
xQueueGenericCreateStatic
                         0x800'2d7f    0x4a  Code  Gb  queue.o [1]
xQueueGenericReset       0x800'2d0d    0x72  Code  Gb  queue.o [1]
xQueueGenericSend        0x800'2e0d   0x118  Code  Gb  queue.o [1]
xQueueGenericSendFromISR
                         0x800'2f3b    0x8a  Code  Gb  queue.o [1]
xQueueReceive            0x800'2fef    0xe6  Code  Gb  queue.o [1]
xQueueRegistry          0x2000'4a1c    0x40  Data  Gb  queue.o [1]
xSchedulerRunning       0x2000'4908     0x4  Data  Lc  tasks.o [1]
xStart                  0x2000'0054     0x8  Data  Lc  heap_4.o [1]
xSuspendedTaskList      0x2000'48e8    0x14  Data  Lc  tasks.o [1]
xTaskCheckForTimeOut     0x800'2239    0x5e  Code  Gb  tasks.o [1]
xTaskCreate              0x800'1d39    0x5c  Code  Gb  tasks.o [1]
xTaskCreateStatic        0x800'1cd5    0x52  Code  Gb  tasks.o [1]
xTaskGetSchedulerState   0x800'2345    0x18  Code  Gb  tasks.o [1]
xTaskGetTickCount        0x800'2059     0x8  Code  Gb  tasks.o [1]
xTaskIncrementTick       0x800'2061    0xb6  Code  Gb  tasks.o [1]
xTaskPriorityDisinherit
                         0x800'2363    0x54  Code  Gb  tasks.o [1]
xTaskRemoveFromEventList
                         0x800'21c9    0x4a  Code  Gb  tasks.o [1]
xTaskResumeAll           0x800'1fc5    0x94  Code  Gb  tasks.o [1]
xTasksWaitingTermination
                        0x2000'48c4    0x14  Data  Lc  tasks.o [1]
xTickCount              0x2000'4900     0x4  Data  Lc  tasks.o [1]
xTimerCreateTimerTask    0x800'2905    0x4c  Code  Gb  timers.o [1]
xTimerGenericCommand     0x800'2951    0x4e  Code  Gb  timers.o [1]
xTimerQueue             0x2000'478c     0x4  Data  Lc  timers.o [1]
xTimerTaskHandle        0x2000'4790     0x4  Data  Lc  timers.o [1]
xYieldPending           0x2000'4910     0x4  Data  Lc  tasks.o [1]


[1] = D:\FREERTOS\Task Timing Calculation\EWARM\Task Timing Calculation\Obj
[2] = dl7M_tlf.a
[3] = m7M_tls.a
[4] = rt7M_tl.a
[5] = shb_l.a

  20'323 bytes of readonly  code memory
     154 bytes of readonly  data memory
  20'076 bytes of readwrite data memory

Errors: none
Warnings: none
